     VMA      LMA     Size Align Out     In      Symbol
       0        0        0     1 _estack = ORIGIN(DTCMRAM) + LENGTH(DTCMRAM)
       0        0        0     1 _Min_Heap_Size = 0x2000
       0        0        0     1 _Min_Stack_Size = 0x1000
 8000000  8000000      298     1 .isr_vector
 8000000  8000000        0     1         . = ALIGN(8)
 8000000  8000000      298     1         CMakeFiles/STM32H743IIT6.dir/startup_stm32h743xx.s.obj:(.isr_vector)
 8000000  8000000      298     1                 g_pfnVectors
 8000298  8000298        0     1         . = ALIGN(8)
 8000298  8000298    43888     8 .text
 8000298  8000298        0     1         . = ALIGN(4)
 8000298  8000298       14     4         D:\Toolchain\ATfE-21.1.1\bin\..\lib\clang-runtimes/arm-none-eabi/armv7m_hard_fpv5_d16_exn_rtti_unaligned_size\lib\libclang_rt.builtins.a(aeabi_uldivmod.S.obj):(.text)
 8000298  8000298        0     1                 $t
 8000299  8000299       14     1                 __aeabi_uldivmod
 80002ac  80002ac       14     4         D:\Toolchain\ATfE-21.1.1\bin\..\lib\clang-runtimes/arm-none-eabi/armv7m_hard_fpv5_d16_exn_rtti_unaligned_size\lib\libc.a(strcmp.S.o):(.text)
 80002ac  80002ac        0     1                 $t
 80002ad  80002ad       14     1                 strcmp
 80002c0  80002c0       10     4         D:\Toolchain\ATfE-21.1.1\bin\..\lib\clang-runtimes/arm-none-eabi/armv7m_hard_fpv5_d16_exn_rtti_unaligned_size\lib\libc.a(strcpy.S.o):(.text)
 80002c0  80002c0        0     1                 $t
 80002c1  80002c1       10     1                 strcpy
 80002d0  80002d0       10     4         D:\Toolchain\ATfE-21.1.1\bin\..\lib\clang-runtimes/arm-none-eabi/armv7m_hard_fpv5_d16_exn_rtti_unaligned_size\lib\libc.a(strlen.S.o):(.text)
 80002d0  80002d0        0     1                 $t
 80002d1  80002d1       10     1                 strlen
 80002e0  80002e0       52     8         CMakeFiles/STM32H743IIT6.dir/core/Src/dma2d.c.obj:(.text.MX_DMA2D_Init)
 80002e0  80002e0        0     1                 $t
 80002e1  80002e1       52     1                 MX_DMA2D_Init
 8000338  8000338       44     8         CMakeFiles/STM32H743IIT6.dir/core/Src/dma2d.c.obj:(.text.HAL_DMA2D_MspInit)
 8000338  8000338        0     1                 $t
 8000339  8000339       44     1                 HAL_DMA2D_MspInit
 8000380  8000380       44     8         CMakeFiles/STM32H743IIT6.dir/core/Src/dma.c.obj:(.text.MX_DMA_Init)
 8000380  8000380        0     1                 $t
 8000381  8000381       44     1                 MX_DMA_Init
 80003c8  80003c8       6a     8         CMakeFiles/STM32H743IIT6.dir/core/Src/fmc.c.obj:(.text.MX_FMC_Init)
 80003c8  80003c8        0     1                 $t
 80003c9  80003c9       6a     1                 MX_FMC_Init
 8000438  8000438       f2     8         CMakeFiles/STM32H743IIT6.dir/core/Src/fmc.c.obj:(.text.HAL_SDRAM_MspInit)
 8000438  8000438        0     1                 $t
 8000439  8000439       f2     1                 HAL_SDRAM_MspInit
 8000530  8000530       fa     8         CMakeFiles/STM32H743IIT6.dir/core/Src/gpio.c.obj:(.text.MX_GPIO_Init)
 8000530  8000530        0     1                 $t
 8000531  8000531       fa     1                 MX_GPIO_Init
 8000630  8000630       a6     8         CMakeFiles/STM32H743IIT6.dir/core/Src/ltdc.c.obj:(.text.MX_LTDC_Init)
 8000630  8000630        0     1                 $t
 8000631  8000631       a6     1                 MX_LTDC_Init
 80006d8  80006d8      1e8     8         CMakeFiles/STM32H743IIT6.dir/core/Src/ltdc.c.obj:(.text.HAL_LTDC_MspInit)
 80006d8  80006d8        0     1                 $t
 80006d9  80006d9      1e8     1                 HAL_LTDC_MspInit
 80008c0  80008c0      212     8         CMakeFiles/STM32H743IIT6.dir/core/Src/main.c.obj:(.text.main)
 80008c0  80008c0        0     1                 $t
 80008c1  80008c1      212     1                 main
 8000ad8  8000ad8       ec     8         CMakeFiles/STM32H743IIT6.dir/core/Src/main.c.obj:(.text.SystemClock_Config)
 8000ad8  8000ad8        0     1                 $t
 8000ad9  8000ad9       ec     1                 SystemClock_Config
 8000bc8  8000bc8        a     8         CMakeFiles/STM32H743IIT6.dir/core/Src/main.c.obj:(.text.Error_Handler)
 8000bc8  8000bc8        0     1                 $t
 8000bc9  8000bc9        a     1                 Error_Handler
 8000bd8  8000bd8       40     8         CMakeFiles/STM32H743IIT6.dir/core/Src/quadspi.c.obj:(.text.MX_QUADSPI_Init)
 8000bd8  8000bd8        0     1                 $t
 8000bd9  8000bd9       40     1                 MX_QUADSPI_Init
 8000c18  8000c18      11c     8         CMakeFiles/STM32H743IIT6.dir/core/Src/quadspi.c.obj:(.text.HAL_QSPI_MspInit)
 8000c18  8000c18        0     1                 $t
 8000c19  8000c19      11c     1                 HAL_QSPI_MspInit
 8000d38  8000d38       3a     8         CMakeFiles/STM32H743IIT6.dir/core/Src/rtc.c.obj:(.text.MX_RTC_Init)
 8000d38  8000d38        0     1                 $t
 8000d39  8000d39       3a     1                 MX_RTC_Init
 8000d78  8000d78       58     8         CMakeFiles/STM32H743IIT6.dir/core/Src/rtc.c.obj:(.text.HAL_RTC_MspInit)
 8000d78  8000d78        0     1                 $t
 8000d79  8000d79       58     1                 HAL_RTC_MspInit
 8000dd0  8000dd0       20     8         CMakeFiles/STM32H743IIT6.dir/core/Src/stm32h7xx_hal_msp.c.obj:(.text.HAL_MspInit)
 8000dd0  8000dd0        0     1                 $t
 8000dd1  8000dd1       20     1                 HAL_MspInit
 8000df0  8000df0        2     8         CMakeFiles/STM32H743IIT6.dir/core/Src/stm32h7xx_it.c.obj:(.text.NMI_Handler)
 8000df0  8000df0        0     1                 $t
 8000df1  8000df1        2     1                 NMI_Handler
 8000df8  8000df8        2     8         CMakeFiles/STM32H743IIT6.dir/core/Src/stm32h7xx_it.c.obj:(.text.HardFault_Handler)
 8000df8  8000df8        0     1                 $t
 8000df9  8000df9        2     1                 HardFault_Handler
 8000e00  8000e00        2     8         CMakeFiles/STM32H743IIT6.dir/core/Src/stm32h7xx_it.c.obj:(.text.MemManage_Handler)
 8000e00  8000e00        0     1                 $t
 8000e01  8000e01        2     1                 MemManage_Handler
 8000e08  8000e08        2     8         CMakeFiles/STM32H743IIT6.dir/core/Src/stm32h7xx_it.c.obj:(.text.BusFault_Handler)
 8000e08  8000e08        0     1                 $t
 8000e09  8000e09        2     1                 BusFault_Handler
 8000e10  8000e10        2     8         CMakeFiles/STM32H743IIT6.dir/core/Src/stm32h7xx_it.c.obj:(.text.UsageFault_Handler)
 8000e10  8000e10        0     1                 $t
 8000e11  8000e11        2     1                 UsageFault_Handler
 8000e18  8000e18        2     8         CMakeFiles/STM32H743IIT6.dir/core/Src/stm32h7xx_it.c.obj:(.text.SVC_Handler)
 8000e18  8000e18        0     1                 $t
 8000e19  8000e19        2     1                 SVC_Handler
 8000e20  8000e20        2     8         CMakeFiles/STM32H743IIT6.dir/core/Src/stm32h7xx_it.c.obj:(.text.DebugMon_Handler)
 8000e20  8000e20        0     1                 $t
 8000e21  8000e21        2     1                 DebugMon_Handler
 8000e28  8000e28        2     8         CMakeFiles/STM32H743IIT6.dir/core/Src/stm32h7xx_it.c.obj:(.text.PendSV_Handler)
 8000e28  8000e28        0     1                 $t
 8000e29  8000e29        2     1                 PendSV_Handler
 8000e30  8000e30        4     8         CMakeFiles/STM32H743IIT6.dir/core/Src/stm32h7xx_it.c.obj:(.text.SysTick_Handler)
 8000e30  8000e30        0     1                 $t
 8000e31  8000e31        4     1                 SysTick_Handler
 8000e38  8000e38        c     8         CMakeFiles/STM32H743IIT6.dir/core/Src/stm32h7xx_it.c.obj:(.text.DMA1_Stream0_IRQHandler)
 8000e38  8000e38        0     1                 $t
 8000e39  8000e39        c     1                 DMA1_Stream0_IRQHandler
 8000e48  8000e48        c     8         CMakeFiles/STM32H743IIT6.dir/core/Src/stm32h7xx_it.c.obj:(.text.DMA1_Stream1_IRQHandler)
 8000e48  8000e48        0     1                 $t
 8000e49  8000e49        c     1                 DMA1_Stream1_IRQHandler
 8000e58  8000e58        c     8         CMakeFiles/STM32H743IIT6.dir/core/Src/stm32h7xx_it.c.obj:(.text.USART1_IRQHandler)
 8000e58  8000e58        0     1                 $t
 8000e59  8000e59        c     1                 USART1_IRQHandler
 8000e68  8000e68        c     8         CMakeFiles/STM32H743IIT6.dir/core/Src/stm32h7xx_it.c.obj:(.text.LTDC_IRQHandler)
 8000e68  8000e68        0     1                 $t
 8000e69  8000e69        c     1                 LTDC_IRQHandler
 8000e78  8000e78        c     8         CMakeFiles/STM32H743IIT6.dir/core/Src/stm32h7xx_it.c.obj:(.text.DMA2D_IRQHandler)
 8000e78  8000e78        0     1                 $t
 8000e79  8000e79        c     1                 DMA2D_IRQHandler
 8000e88  8000e88       ee     8         CMakeFiles/STM32H743IIT6.dir/core/Src/system_stm32h7xx.c.obj:(.text.SystemInit)
 8000e88  8000e88        0     1                 $t
 8000e89  8000e89       ee     1                 SystemInit
 8000f78  8000f78        2     8         CMakeFiles/STM32H743IIT6.dir/core/Src/system_stm32h7xx.c.obj:(.text.ExitRun0Mode)
 8000f78  8000f78        0     1                 $t
 8000f79  8000f79        2     1                 ExitRun0Mode
 8000f80  8000f80       7c     8         CMakeFiles/STM32H743IIT6.dir/core/Src/usart.c.obj:(.text.MX_USART1_UART_Init)
 8000f80  8000f80        0     1                 $t
 8000f81  8000f81       7c     1                 MX_USART1_UART_Init
 8001000  8001000      11e     8         CMakeFiles/STM32H743IIT6.dir/core/Src/usart.c.obj:(.text.HAL_UART_MspInit)
 8001000  8001000        0     1                 $t
 8001001  8001001      11e     1                 HAL_UART_MspInit
 8001120  8001120       54     4         CMakeFiles/STM32H743IIT6.dir/startup_stm32h743xx.s.obj:(.text.Reset_Handler)
 8001120  8001120        0     1                 $t
 8001121  8001121       3c     1                 Reset_Handler
 8001136  8001136        0     1                 CopyDataInit
 800113c  800113c        0     1                 LoopCopyDataInit
 800114a  800114a        0     1                 FillZerobss
 800114e  800114e        0     1                 LoopFillZerobss
 800115c  800115c        0     1                 $d
 8001174  8001174        2     1         CMakeFiles/STM32H743IIT6.dir/startup_stm32h743xx.s.obj:(.text.Default_Handler)
 8001174  8001174        0     1                 Infinite_Loop
 8001174  8001174        0     1                 $t
 8001174  8001174        2     1                 Default_Handler
 8001175  8001175        2     1                 WWDG_IRQHandler
 8001175  8001175        2     1                 PVD_AVD_IRQHandler
 8001175  8001175        2     1                 TAMP_STAMP_IRQHandler
 8001175  8001175        2     1                 RTC_WKUP_IRQHandler
 8001175  8001175        2     1                 FLASH_IRQHandler
 8001175  8001175        2     1                 RCC_IRQHandler
 8001175  8001175        2     1                 EXTI0_IRQHandler
 8001175  8001175        2     1                 EXTI1_IRQHandler
 8001175  8001175        2     1                 EXTI2_IRQHandler
 8001175  8001175        2     1                 EXTI3_IRQHandler
 8001175  8001175        2     1                 EXTI4_IRQHandler
 8001175  8001175        2     1                 DMA1_Stream2_IRQHandler
 8001175  8001175        2     1                 DMA1_Stream3_IRQHandler
 8001175  8001175        2     1                 DMA1_Stream4_IRQHandler
 8001175  8001175        2     1                 DMA1_Stream5_IRQHandler
 8001175  8001175        2     1                 DMA1_Stream6_IRQHandler
 8001175  8001175        2     1                 ADC_IRQHandler
 8001175  8001175        2     1                 FDCAN1_IT0_IRQHandler
 8001175  8001175        2     1                 FDCAN2_IT0_IRQHandler
 8001175  8001175        2     1                 FDCAN1_IT1_IRQHandler
 8001175  8001175        2     1                 FDCAN2_IT1_IRQHandler
 8001175  8001175        2     1                 EXTI9_5_IRQHandler
 8001175  8001175        2     1                 TIM1_BRK_IRQHandler
 8001175  8001175        2     1                 TIM1_UP_IRQHandler
 8001175  8001175        2     1                 TIM1_TRG_COM_IRQHandler
 8001175  8001175        2     1                 TIM1_CC_IRQHandler
 8001175  8001175        2     1                 TIM2_IRQHandler
 8001175  8001175        2     1                 TIM3_IRQHandler
 8001175  8001175        2     1                 TIM4_IRQHandler
 8001175  8001175        2     1                 I2C1_EV_IRQHandler
 8001175  8001175        2     1                 I2C1_ER_IRQHandler
 8001175  8001175        2     1                 I2C2_EV_IRQHandler
 8001175  8001175        2     1                 I2C2_ER_IRQHandler
 8001175  8001175        2     1                 SPI1_IRQHandler
 8001175  8001175        2     1                 SPI2_IRQHandler
 8001175  8001175        2     1                 USART2_IRQHandler
 8001175  8001175        2     1                 USART3_IRQHandler
 8001175  8001175        2     1                 EXTI15_10_IRQHandler
 8001175  8001175        2     1                 RTC_Alarm_IRQHandler
 8001175  8001175        2     1                 TIM8_BRK_TIM12_IRQHandler
 8001175  8001175        2     1                 TIM8_UP_TIM13_IRQHandler
 8001175  8001175        2     1                 TIM8_TRG_COM_TIM14_IRQHandler
 8001175  8001175        2     1                 TIM8_CC_IRQHandler
 8001175  8001175        2     1                 DMA1_Stream7_IRQHandler
 8001175  8001175        2     1                 FMC_IRQHandler
 8001175  8001175        2     1                 SDMMC1_IRQHandler
 8001175  8001175        2     1                 TIM5_IRQHandler
 8001175  8001175        2     1                 SPI3_IRQHandler
 8001175  8001175        2     1                 UART4_IRQHandler
 8001175  8001175        2     1                 UART5_IRQHandler
 8001175  8001175        2     1                 TIM6_DAC_IRQHandler
 8001175  8001175        2     1                 TIM7_IRQHandler
 8001175  8001175        2     1                 DMA2_Stream0_IRQHandler
 8001175  8001175        2     1                 DMA2_Stream1_IRQHandler
 8001175  8001175        2     1                 DMA2_Stream2_IRQHandler
 8001175  8001175        2     1                 DMA2_Stream3_IRQHandler
 8001175  8001175        2     1                 DMA2_Stream4_IRQHandler
 8001175  8001175        2     1                 ETH_IRQHandler
 8001175  8001175        2     1                 ETH_WKUP_IRQHandler
 8001175  8001175        2     1                 FDCAN_CAL_IRQHandler
 8001175  8001175        2     1                 DMA2_Stream5_IRQHandler
 8001175  8001175        2     1                 DMA2_Stream6_IRQHandler
 8001175  8001175        2     1                 DMA2_Stream7_IRQHandler
 8001175  8001175        2     1                 USART6_IRQHandler
 8001175  8001175        2     1                 I2C3_EV_IRQHandler
 8001175  8001175        2     1                 I2C3_ER_IRQHandler
 8001175  8001175        2     1                 OTG_HS_EP1_OUT_IRQHandler
 8001175  8001175        2     1                 OTG_HS_EP1_IN_IRQHandler
 8001175  8001175        2     1                 OTG_HS_WKUP_IRQHandler
 8001175  8001175        2     1                 OTG_HS_IRQHandler
 8001175  8001175        2     1                 DCMI_IRQHandler
 8001175  8001175        2     1                 RNG_IRQHandler
 8001175  8001175        2     1                 FPU_IRQHandler
 8001175  8001175        2     1                 UART7_IRQHandler
 8001175  8001175        2     1                 UART8_IRQHandler
 8001175  8001175        2     1                 SPI4_IRQHandler
 8001175  8001175        2     1                 SPI5_IRQHandler
 8001175  8001175        2     1                 SPI6_IRQHandler
 8001175  8001175        2     1                 SAI1_IRQHandler
 8001175  8001175        2     1                 LTDC_ER_IRQHandler
 8001175  8001175        2     1                 SAI2_IRQHandler
 8001175  8001175        2     1                 QUADSPI_IRQHandler
 8001175  8001175        2     1                 LPTIM1_IRQHandler
 8001175  8001175        2     1                 CEC_IRQHandler
 8001175  8001175        2     1                 I2C4_EV_IRQHandler
 8001175  8001175        2     1                 I2C4_ER_IRQHandler
 8001175  8001175        2     1                 SPDIF_RX_IRQHandler
 8001175  8001175        2     1                 OTG_FS_EP1_OUT_IRQHandler
 8001175  8001175        2     1                 OTG_FS_EP1_IN_IRQHandler
 8001175  8001175        2     1                 OTG_FS_WKUP_IRQHandler
 8001175  8001175        2     1                 OTG_FS_IRQHandler
 8001175  8001175        2     1                 DMAMUX1_OVR_IRQHandler
 8001175  8001175        2     1                 HRTIM1_Master_IRQHandler
 8001175  8001175        2     1                 HRTIM1_TIMA_IRQHandler
 8001175  8001175        2     1                 HRTIM1_TIMB_IRQHandler
 8001175  8001175        2     1                 HRTIM1_TIMC_IRQHandler
 8001175  8001175        2     1                 HRTIM1_TIMD_IRQHandler
 8001175  8001175        2     1                 HRTIM1_TIME_IRQHandler
 8001175  8001175        2     1                 HRTIM1_FLT_IRQHandler
 8001175  8001175        2     1                 DFSDM1_FLT0_IRQHandler
 8001175  8001175        2     1                 DFSDM1_FLT1_IRQHandler
 8001175  8001175        2     1                 DFSDM1_FLT2_IRQHandler
 8001175  8001175        2     1                 DFSDM1_FLT3_IRQHandler
 8001175  8001175        2     1                 SAI3_IRQHandler
 8001175  8001175        2     1                 SWPMI1_IRQHandler
 8001175  8001175        2     1                 TIM15_IRQHandler
 8001175  8001175        2     1                 TIM16_IRQHandler
 8001175  8001175        2     1                 TIM17_IRQHandler
 8001175  8001175        2     1                 MDIOS_WKUP_IRQHandler
 8001175  8001175        2     1                 MDIOS_IRQHandler
 8001175  8001175        2     1                 JPEG_IRQHandler
 8001175  8001175        2     1                 MDMA_IRQHandler
 8001175  8001175        2     1                 SDMMC2_IRQHandler
 8001175  8001175        2     1                 HSEM1_IRQHandler
 8001175  8001175        2     1                 ADC3_IRQHandler
 8001175  8001175        2     1                 DMAMUX2_OVR_IRQHandler
 8001175  8001175        2     1                 BDMA_Channel0_IRQHandler
 8001175  8001175        2     1                 BDMA_Channel1_IRQHandler
 8001175  8001175        2     1                 BDMA_Channel2_IRQHandler
 8001175  8001175        2     1                 BDMA_Channel3_IRQHandler
 8001175  8001175        2     1                 BDMA_Channel4_IRQHandler
 8001175  8001175        2     1                 BDMA_Channel5_IRQHandler
 8001175  8001175        2     1                 BDMA_Channel6_IRQHandler
 8001175  8001175        2     1                 BDMA_Channel7_IRQHandler
 8001175  8001175        2     1                 COMP1_IRQHandler
 8001175  8001175        2     1                 LPTIM2_IRQHandler
 8001175  8001175        2     1                 LPTIM3_IRQHandler
 8001175  8001175        2     1                 LPTIM4_IRQHandler
 8001175  8001175        2     1                 LPTIM5_IRQHandler
 8001175  8001175        2     1                 LPUART1_IRQHandler
 8001175  8001175        2     1                 CRS_IRQHandler
 8001175  8001175        2     1                 ECC_IRQHandler
 8001175  8001175        2     1                 SAI4_IRQHandler
 8001175  8001175        2     1                 WAKEUP_PIN_IRQHandler
 8001178  8001178       20     8         drivers/libdrivers.a(stm32h7xx_hal_cortex.c.obj):(.text.HAL_NVIC_SetPriorityGrouping)
 8001178  8001178        0     1                 $t
 8001179  8001179       20     1                 HAL_NVIC_SetPriorityGrouping
 8001198  8001198       62     8         drivers/libdrivers.a(stm32h7xx_hal_cortex.c.obj):(.text.HAL_NVIC_SetPriority)
 8001198  8001198        0     1                 $t
 8001199  8001199       62     1                 HAL_NVIC_SetPriority
 8001200  8001200       20     8         drivers/libdrivers.a(stm32h7xx_hal_cortex.c.obj):(.text.HAL_NVIC_EnableIRQ)
 8001200  8001200        0     1                 $t
 8001201  8001201       20     1                 HAL_NVIC_EnableIRQ
 8001220  8001220       2e     8         drivers/libdrivers.a(stm32h7xx_hal_cortex.c.obj):(.text.HAL_SYSTICK_Config)
 8001220  8001220        0     1                 $t
 8001221  8001221       2e     1                 HAL_SYSTICK_Config
 8001250  8001250       1a     8         drivers/libdrivers.a(stm32h7xx_hal_cortex.c.obj):(.text.HAL_MPU_Disable)
 8001250  8001250        0     1                 $t
 8001251  8001251       1a     1                 HAL_MPU_Disable
 8001270  8001270       20     8         drivers/libdrivers.a(stm32h7xx_hal_cortex.c.obj):(.text.HAL_MPU_Enable)
 8001270  8001270        0     1                 $t
 8001271  8001271       20     1                 HAL_MPU_Enable
 8001290  8001290       5e     8         drivers/libdrivers.a(stm32h7xx_hal_cortex.c.obj):(.text.HAL_MPU_ConfigRegion)
 8001290  8001290        0     1                 $t
 8001291  8001291       5e     1                 HAL_MPU_ConfigRegion
 80012f0  80012f0      5a4     8         drivers/libdrivers.a(stm32h7xx_hal_rcc.c.obj):(.text.HAL_RCC_OscConfig)
 80012f0  80012f0        0     1                 $t
 80012f1  80012f1      5a4     1                 HAL_RCC_OscConfig
 8001898  8001898      260     8         drivers/libdrivers.a(stm32h7xx_hal_rcc.c.obj):(.text.HAL_RCC_ClockConfig)
 8001898  8001898        0     1                 $t
 8001899  8001899      260     1                 HAL_RCC_ClockConfig
 8001af8  8001af8      134     8         drivers/libdrivers.a(stm32h7xx_hal_rcc.c.obj):(.text.HAL_RCC_GetSysClockFreq)
 8001af8  8001af8        0     1                 $t
 8001af9  8001af9      134     1                 HAL_RCC_GetSysClockFreq
 8001b68  8001b68        0     1                 $d
 8001b70  8001b70        0     1                 $t
 8001c18  8001c18        0     1                 $d
 8001c30  8001c30       4c     8         drivers/libdrivers.a(stm32h7xx_hal_rcc.c.obj):(.text.HAL_RCC_GetHCLKFreq)
 8001c30  8001c30        0     1                 $t
 8001c31  8001c31       4c     1                 HAL_RCC_GetHCLKFreq
 8001c80  8001c80       60     8         drivers/libdrivers.a(stm32h7xx_hal_rcc.c.obj):(.text.HAL_RCC_GetPCLK1Freq)
 8001c80  8001c80        0     1                 $t
 8001c81  8001c81       60     1                 HAL_RCC_GetPCLK1Freq
 8001ce0  8001ce0       60     8         drivers/libdrivers.a(stm32h7xx_hal_rcc.c.obj):(.text.HAL_RCC_GetPCLK2Freq)
 8001ce0  8001ce0        0     1                 $t
 8001ce1  8001ce1       60     1                 HAL_RCC_GetPCLK2Freq
 8001d40  8001d40      bec     8         drivers/libdrivers.a(stm32h7xx_hal_rcc_ex.c.obj):(.text.HAL_RCCEx_PeriphCLKConfig)
 8001d40  8001d40        0     1                 $t
 8001d41  8001d41      bec     1                 HAL_RCCEx_PeriphCLKConfig
 8001d62  8001d62        0     1                 $d
 8001d68  8001d68        0     1                 $t
 8001dce  8001dce        0     1                 $d
 8001dd8  8001dd8        0     1                 $t
 8001e3a  8001e3a        0     1                 $d
 8001e40  8001e40        0     1                 $t
 8001eb4  8001eb4        0     1                 $d
 8001ec0  8001ec0        0     1                 $t
 8001f34  8001f34        0     1                 $d
 8001f40  8001f40        0     1                 $t
 8001fb2  8001fb2        0     1                 $d
 8001fb8  8001fb8        0     1                 $t
 8002028  8002028        0     1                 $d
 8002030  8002030        0     1                 $t
 8002090  8002090        0     1                 $d
 8002098  8002098        0     1                 $t
 8002112  8002112        0     1                 $d
 8002118  8002118        0     1                 $t
 80021ce  80021ce        0     1                 $d
 80021d8  80021d8        0     1                 $t
 8002262  8002262        0     1                 $d
 8002268  8002268        0     1                 $t
 8002354  8002354        0     1                 $d
 8002360  8002360        0     1                 $t
 80023c6  80023c6        0     1                 $d
 80023d0  80023d0        0     1                 $t
 800243c  800243c        0     1                 $d
 8002448  8002448        0     1                 $t
 80024b4  80024b4        0     1                 $d
 80024c0  80024c0        0     1                 $t
 800252c  800252c        0     1                 $d
 8002538  8002538        0     1                 $t
 8002930  8002930      126     8         drivers/libdrivers.a(stm32h7xx_hal_rcc_ex.c.obj):(.text.RCCEx_PLL2_Config)
 8002930  8002930        0     1                 $t
 8002931  8002931      126     1                 RCCEx_PLL2_Config
 8002a58  8002a58      126     8         drivers/libdrivers.a(stm32h7xx_hal_rcc_ex.c.obj):(.text.RCCEx_PLL3_Config)
 8002a58  8002a58        0     1                 $t
 8002a59  8002a59      126     1                 RCCEx_PLL3_Config
 8002b80  8002b80      12c     8         drivers/libdrivers.a(stm32h7xx_hal_rcc_ex.c.obj):(.text.HAL_RCCEx_GetPLL2ClockFreq)
 8002b80  8002b80        0     1                 $t
 8002b81  8002b81      12c     1                 HAL_RCCEx_GetPLL2ClockFreq
 8002bc4  8002bc4        0     1                 $d
 8002bc8  8002bc8        0     1                 $t
 8002c9c  8002c9c        0     1                 $d
 8002cb0  8002cb0      12c     8         drivers/libdrivers.a(stm32h7xx_hal_rcc_ex.c.obj):(.text.HAL_RCCEx_GetPLL3ClockFreq)
 8002cb0  8002cb0        0     1                 $t
 8002cb1  8002cb1      12c     1                 HAL_RCCEx_GetPLL3ClockFreq
 8002cf4  8002cf4        0     1                 $d
 8002cf8  8002cf8        0     1                 $t
 8002dcc  8002dcc        0     1                 $d
 8002de0  8002de0       26     8         drivers/libdrivers.a(stm32h7xx_hal_rcc_ex.c.obj):(.text.HAL_RCCEx_GetD3PCLK1Freq)
 8002de0  8002de0        0     1                 $t
 8002de1  8002de1       26     1                 HAL_RCCEx_GetD3PCLK1Freq
 8002e08  8002e08      1ae     8         drivers/libdrivers.a(stm32h7xx_hal_gpio.c.obj):(.text.HAL_GPIO_Init)
 8002e08  8002e08        0     1                 $t
 8002e09  8002e09      1ae     1                 HAL_GPIO_Init
 8002fb8  8002fb8        a     8         drivers/libdrivers.a(stm32h7xx_hal_gpio.c.obj):(.text.HAL_GPIO_ReadPin)
 8002fb8  8002fb8        0     1                 $t
 8002fb9  8002fb9        a     1                 HAL_GPIO_ReadPin
 8002fc8  8002fc8        a     8         drivers/libdrivers.a(stm32h7xx_hal_gpio.c.obj):(.text.HAL_GPIO_WritePin)
 8002fc8  8002fc8        0     1                 $t
 8002fc9  8002fc9        a     1                 HAL_GPIO_WritePin
 8002fd8  8002fd8       10     8         drivers/libdrivers.a(stm32h7xx_hal_gpio.c.obj):(.text.HAL_GPIO_TogglePin)
 8002fd8  8002fd8        0     1                 $t
 8002fd9  8002fd9       10     1                 HAL_GPIO_TogglePin
 8002fe8  8002fe8      67a     8         drivers/libdrivers.a(stm32h7xx_hal_dma.c.obj):(.text.HAL_DMA_Init)
 8002fe8  8002fe8        0     1                 $t
 8002fe9  8002fe9      67a     1                 HAL_DMA_Init
 8003360  8003360        0     1                 $d
 8003368  8003368        0     1                 $t
 8003668  8003668      132     8         drivers/libdrivers.a(stm32h7xx_hal_dma.c.obj):(.text.DMA_CalcBaseAndBitshift)
 8003668  8003668        0     1                 $t
 8003669  8003669      132     1                 DMA_CalcBaseAndBitshift
 80037a0  80037a0      556     8         drivers/libdrivers.a(stm32h7xx_hal_dma.c.obj):(.text.HAL_DMA_Abort)
 80037a0  80037a0        0     1                 $t
 80037a1  80037a1      556     1                 HAL_DMA_Abort
 8003cf8  8003cf8      2d4     8         drivers/libdrivers.a(stm32h7xx_hal_dma.c.obj):(.text.HAL_DMA_Abort_IT)
 8003cf8  8003cf8        0     1                 $t
 8003cf9  8003cf9      2d4     1                 HAL_DMA_Abort_IT
 8003fd0  8003fd0      85c     8         drivers/libdrivers.a(stm32h7xx_hal_dma.c.obj):(.text.HAL_DMA_IRQHandler)
 8003fd0  8003fd0        0     1                 $t
 8003fd1  8003fd1      85c     1                 HAL_DMA_IRQHandler
 8004830  8004830       4c     8         drivers/libdrivers.a(stm32h7xx_hal_pwr_ex.c.obj):(.text.HAL_PWREx_ConfigSupply)
 8004830  8004830        0     1                 $t
 8004831  8004831       4c     1                 HAL_PWREx_ConfigSupply
 8004880  8004880       64     8         drivers/libdrivers.a(stm32h7xx_hal.c.obj):(.text.HAL_Init)
 8004880  8004880        0     1                 $t
 8004881  8004881       64     1                 HAL_Init
 80048e8  80048e8       54     8         drivers/libdrivers.a(stm32h7xx_hal.c.obj):(.text.HAL_InitTick)
 80048e8  80048e8        0     1                 $t
 80048e9  80048e9       54     1                 HAL_InitTick
 8004940  8004940       1a     8         drivers/libdrivers.a(stm32h7xx_hal.c.obj):(.text.HAL_IncTick)
 8004940  8004940        0     1                 $t
 8004941  8004941       1a     1                 HAL_IncTick
 8004960  8004960        c     8         drivers/libdrivers.a(stm32h7xx_hal.c.obj):(.text.HAL_GetTick)
 8004960  8004960        0     1                 $t
 8004961  8004961        c     1                 HAL_GetTick
 8004970  8004970       2c     8         drivers/libdrivers.a(stm32h7xx_hal.c.obj):(.text.HAL_Delay)
 8004970  8004970        0     1                 $t
 8004971  8004971       2c     1                 HAL_Delay
 80049a0  80049a0        e     8         drivers/libdrivers.a(stm32h7xx_hal.c.obj):(.text.HAL_GetREVID)
 80049a0  80049a0        0     1                 $t
 80049a1  80049a1        e     1                 HAL_GetREVID
 80049b0  80049b0       7c     8         drivers/libdrivers.a(stm32h7xx_hal_dma2d.c.obj):(.text.HAL_DMA2D_Init)
 80049b0  80049b0        0     1                 $t
 80049b1  80049b1       7c     1                 HAL_DMA2D_Init
 8004a30  8004a30      132     8         drivers/libdrivers.a(stm32h7xx_hal_dma2d.c.obj):(.text.HAL_DMA2D_IRQHandler)
 8004a30  8004a30        0     1                 $t
 8004a31  8004a31      132     1                 HAL_DMA2D_IRQHandler
 8004b68  8004b68        2     8         drivers/libdrivers.a(stm32h7xx_hal_dma2d.c.obj):(.text.HAL_DMA2D_LineEventCallback)
 8004b68  8004b68        0     1                 $t
 8004b69  8004b69        2     1                 HAL_DMA2D_LineEventCallback
 8004b70  8004b70        2     8         drivers/libdrivers.a(stm32h7xx_hal_dma2d.c.obj):(.text.HAL_DMA2D_CLUTLoadingCpltCallback)
 8004b70  8004b70        0     1                 $t
 8004b71  8004b71        2     1                 HAL_DMA2D_CLUTLoadingCpltCallback
 8004b78  8004b78       c0     8         drivers/libdrivers.a(stm32h7xx_hal_dma2d.c.obj):(.text.HAL_DMA2D_ConfigLayer)
 8004b78  8004b78        0     1                 $t
 8004b79  8004b79       c0     1                 HAL_DMA2D_ConfigLayer
 8004c38  8004c38       4c     8         drivers/libdrivers.a(stm32h7xx_hal_sdram.c.obj):(.text.HAL_SDRAM_Init)
 8004c38  8004c38        0     1                 $t
 8004c39  8004c39       4c     1                 HAL_SDRAM_Init
 8004c88  8004c88       46     8         drivers/libdrivers.a(stm32h7xx_hal_sdram.c.obj):(.text.HAL_SDRAM_SendCommand)
 8004c88  8004c88        0     1                 $t
 8004c89  8004c89       46     1                 HAL_SDRAM_SendCommand
 8004cd0  8004cd0       38     8         drivers/libdrivers.a(stm32h7xx_hal_sdram.c.obj):(.text.HAL_SDRAM_ProgramRefreshRate)
 8004cd0  8004cd0        0     1                 $t
 8004cd1  8004cd1       38     1                 HAL_SDRAM_ProgramRefreshRate
 8004d08  8004d08       86     8         drivers/libdrivers.a(stm32h7xx_ll_fmc.c.obj):(.text.FMC_SDRAM_Init)
 8004d08  8004d08        0     1                 $t
 8004d09  8004d09       86     1                 FMC_SDRAM_Init
 8004d90  8004d90       da     8         drivers/libdrivers.a(stm32h7xx_ll_fmc.c.obj):(.text.FMC_SDRAM_Timing_Init)
 8004d90  8004d90        0     1                 $t
 8004d91  8004d91       da     1                 FMC_SDRAM_Timing_Init
 8004e70  8004e70       2e     8         drivers/libdrivers.a(stm32h7xx_ll_fmc.c.obj):(.text.FMC_SDRAM_SendCommand)
 8004e70  8004e70        0     1                 $t
 8004e71  8004e71       2e     1                 FMC_SDRAM_SendCommand
 8004ea0  8004ea0       16     8         drivers/libdrivers.a(stm32h7xx_ll_fmc.c.obj):(.text.FMC_SDRAM_ProgramRefreshRate)
 8004ea0  8004ea0        0     1                 $t
 8004ea1  8004ea1       16     1                 FMC_SDRAM_ProgramRefreshRate
 8004eb8  8004eb8       b4     8         drivers/libdrivers.a(stm32h7xx_hal_ltdc.c.obj):(.text.HAL_LTDC_Init)
 8004eb8  8004eb8        0     1                 $t
 8004eb9  8004eb9       b4     1                 HAL_LTDC_Init
 8004f70  8004f70       d4     8         drivers/libdrivers.a(stm32h7xx_hal_ltdc.c.obj):(.text.HAL_LTDC_IRQHandler)
 8004f70  8004f70        0     1                 $t
 8004f71  8004f71       d4     1                 HAL_LTDC_IRQHandler
 8005048  8005048        2     8         drivers/libdrivers.a(stm32h7xx_hal_ltdc.c.obj):(.text.HAL_LTDC_ErrorCallback)
 8005048  8005048        0     1                 $t
 8005049  8005049        2     1                 HAL_LTDC_ErrorCallback
 8005050  8005050        2     8         drivers/libdrivers.a(stm32h7xx_hal_ltdc.c.obj):(.text.HAL_LTDC_ReloadEventCallback)
 8005050  8005050        0     1                 $t
 8005051  8005051        2     1                 HAL_LTDC_ReloadEventCallback
 8005058  8005058       5a     8         drivers/libdrivers.a(stm32h7xx_hal_ltdc.c.obj):(.text.HAL_LTDC_ConfigLayer)
 8005058  8005058        0     1                 $t
 8005059  8005059       5a     1                 HAL_LTDC_ConfigLayer
 80050b8  80050b8      114     8         drivers/libdrivers.a(stm32h7xx_hal_ltdc.c.obj):(.text.LTDC_SetConfig)
 80050b8  80050b8        0     1                 $t
 80050b9  80050b9      114     1                 LTDC_SetConfig
 80051d0  80051d0       3c     8         drivers/libdrivers.a(stm32h7xx_hal_ltdc.c.obj):(.text.HAL_LTDC_ProgramLineEvent)
 80051d0  80051d0        0     1                 $t
 80051d1  80051d1       3c     1                 HAL_LTDC_ProgramLineEvent
 8005210  8005210       e4     8         drivers/libdrivers.a(stm32h7xx_hal_qspi.c.obj):(.text.HAL_QSPI_Init)
 8005210  8005210        0     1                 $t
 8005211  8005211       e4     1                 HAL_QSPI_Init
 80052f8  80052f8       fa     8         drivers/libdrivers.a(stm32h7xx_hal_qspi.c.obj):(.text.HAL_QSPI_Command)
 80052f8  80052f8        0     1                 $t
 80052f9  80052f9       fa     1                 HAL_QSPI_Command
 80053f8  80053f8      232     8         drivers/libdrivers.a(stm32h7xx_hal_qspi.c.obj):(.text.QSPI_Config)
 80053f8  80053f8        0     1                 $t
 80053f9  80053f9      232     1                 QSPI_Config
 8005630  8005630      1a0     8         drivers/libdrivers.a(stm32h7xx_hal_qspi.c.obj):(.text.HAL_QSPI_Receive)
 8005630  8005630        0     1                 $t
 8005631  8005631      1a0     1                 HAL_QSPI_Receive
 80057d0  80057d0      12a     8         drivers/libdrivers.a(stm32h7xx_hal_qspi.c.obj):(.text.HAL_QSPI_AutoPolling)
 80057d0  80057d0        0     1                 $t
 80057d1  80057d1      12a     1                 HAL_QSPI_AutoPolling
 8005900  8005900       e2     8         drivers/libdrivers.a(stm32h7xx_hal_qspi.c.obj):(.text.HAL_QSPI_MemoryMapped)
 8005900  8005900        0     1                 $t
 8005901  8005901       e2     1                 HAL_QSPI_MemoryMapped
 80059e8  80059e8       c6     8         drivers/libdrivers.a(stm32h7xx_hal_rtc.c.obj):(.text.HAL_RTC_Init)
 80059e8  80059e8        0     1                 $t
 80059e9  80059e9       c6     1                 HAL_RTC_Init
 8005ab0  8005ab0       a4     8         drivers/libdrivers.a(stm32h7xx_hal_rtc.c.obj):(.text.RTC_ExitInitMode)
 8005ab0  8005ab0        0     1                 $t
 8005ab1  8005ab1       a4     1                 RTC_ExitInitMode
 8005b58  8005b58       64     8         drivers/libdrivers.a(stm32h7xx_hal_uart.c.obj):(.text.HAL_UART_Init)
 8005b58  8005b58        0     1                 $t
 8005b59  8005b59       64     1                 HAL_UART_Init
 8005bc0  8005bc0       e0     8         drivers/libdrivers.a(stm32h7xx_hal_uart.c.obj):(.text.UART_AdvFeatureConfig)
 8005bc0  8005bc0        0     1                 $t
 8005bc1  8005bc1       e0     1                 UART_AdvFeatureConfig
 8005ca0  8005ca0      4cc     8         drivers/libdrivers.a(stm32h7xx_hal_uart.c.obj):(.text.UART_SetConfig)
 8005ca0  8005ca0        0     1                 $t
 8005ca1  8005ca1      4cc     1                 UART_SetConfig
 8005dfa  8005dfa        0     1                 $d
 8005e80  8005e80        0     1                 $t
 8005e9e  8005e9e        0     1                 $d
 8005ee0  8005ee0        0     1                 $t
 8005efe  8005efe        0     1                 $d
 8005f80  8005f80        0     1                 $t
 8006170  8006170       c6     8         drivers/libdrivers.a(stm32h7xx_hal_uart.c.obj):(.text.UART_CheckIdleState)
 8006170  8006170        0     1                 $t
 8006171  8006171       c6     1                 UART_CheckIdleState
 8006238  8006238      1d0     8         drivers/libdrivers.a(stm32h7xx_hal_uart.c.obj):(.text.UART_WaitOnFlagUntilTimeout)
 8006238  8006238        0     1                 $t
 8006239  8006239      1d0     1                 UART_WaitOnFlagUntilTimeout
 8006408  8006408      40e     8         drivers/libdrivers.a(stm32h7xx_hal_uart.c.obj):(.text.HAL_UART_IRQHandler)
 8006408  8006408        0     1                 $t
 8006409  8006409      40e     1                 HAL_UART_IRQHandler
 8006818  8006818        c     8         drivers/libdrivers.a(stm32h7xx_hal_uart.c.obj):(.text.UART_DMAAbortOnError)
 8006818  8006818        0     1                 $t
 8006819  8006819        c     1                 UART_DMAAbortOnError
 8006828  8006828        2     8         drivers/libdrivers.a(stm32h7xx_hal_uart.c.obj):(.text.HAL_UART_ErrorCallback)
 8006828  8006828        0     1                 $t
 8006829  8006829        2     1                 HAL_UART_ErrorCallback
 8006830  8006830        2     8         drivers/libdrivers.a(stm32h7xx_hal_uart.c.obj):(.text.HAL_UARTEx_RxEventCallback)
 8006830  8006830        0     1                 $t
 8006831  8006831        2     1                 HAL_UARTEx_RxEventCallback
 8006838  8006838        2     8         drivers/libdrivers.a(stm32h7xx_hal_uart.c.obj):(.text.HAL_UART_TxCpltCallback)
 8006838  8006838        0     1                 $t
 8006839  8006839        2     1                 HAL_UART_TxCpltCallback
 8006840  8006840        2     8         drivers/libdrivers.a(stm32h7xx_hal_uart_ex.c.obj):(.text.HAL_UARTEx_WakeupCallback)
 8006840  8006840        0     1                 $t
 8006841  8006841        2     1                 HAL_UARTEx_WakeupCallback
 8006848  8006848        2     8         drivers/libdrivers.a(stm32h7xx_hal_uart_ex.c.obj):(.text.HAL_UARTEx_RxFifoFullCallback)
 8006848  8006848        0     1                 $t
 8006849  8006849        2     1                 HAL_UARTEx_RxFifoFullCallback
 8006850  8006850        2     8         drivers/libdrivers.a(stm32h7xx_hal_uart_ex.c.obj):(.text.HAL_UARTEx_TxFifoEmptyCallback)
 8006850  8006850        0     1                 $t
 8006851  8006851        2     1                 HAL_UARTEx_TxFifoEmptyCallback
 8006858  8006858       3a     8         drivers/libdrivers.a(stm32h7xx_hal_uart_ex.c.obj):(.text.HAL_UARTEx_DisableFifoMode)
 8006858  8006858        0     1                 $t
 8006859  8006859       3a     1                 HAL_UARTEx_DisableFifoMode
 8006898  8006898       90     8         drivers/libdrivers.a(stm32h7xx_hal_uart_ex.c.obj):(.text.HAL_UARTEx_SetTxFifoThreshold)
 8006898  8006898        0     1                 $t
 8006899  8006899       90     1                 HAL_UARTEx_SetTxFifoThreshold
 8006928  8006928       90     8         drivers/libdrivers.a(stm32h7xx_hal_uart_ex.c.obj):(.text.HAL_UARTEx_SetRxFifoThreshold)
 8006928  8006928        0     1                 $t
 8006929  8006929       90     1                 HAL_UARTEx_SetRxFifoThreshold
 80069b8  80069b8      1fe     8         user_drivers/libuser_drivers.a(lcd_show.c.obj):(.text.LCD_RGB_Init)
 80069b8  80069b8        0     1                 $t
 80069b9  80069b9      1fe     1                 LCD_RGB_Init
 8006bb8  8006bb8       8c     8         user_drivers/libuser_drivers.a(sdram.c.obj):(.text.SDRAM_Initialization_Sequence)
 8006bb8  8006bb8        0     1                 $t
 8006bb9  8006bb9       8c     1                 SDRAM_Initialization_Sequence
 8006c48  8006c48       72     8         user_drivers/libuser_drivers.a(touch_800x480.c.obj):(.text.GT9XX_ReadReg)
 8006c48  8006c48        0     1                 $t
 8006c49  8006c49       72     1                 GT9XX_ReadReg
 8006cc0  8006cc0       96     8         user_drivers/libuser_drivers.a(touch_800x480.c.obj):(.text.PanelRecognition)
 8006cc0  8006cc0        0     1                 $t
 8006cc1  8006cc1       96     1                 PanelRecognition
 8006d58  8006d58       bc     8         user_drivers/libuser_drivers.a(touch_800x480.c.obj):(.text.Touch_Init)
 8006d58  8006d58        0     1                 $t
 8006d59  8006d59       bc     1                 Touch_Init
 8006e18  8006e18       e4     8         user_drivers/libuser_drivers.a(touch_iic.c.obj):(.text.Touch_IIC_GPIO_Config)
 8006e18  8006e18        0     1                 $t
 8006e19  8006e19       e4     1                 Touch_IIC_GPIO_Config
 8006f00  8006f00       74     8         user_drivers/libuser_drivers.a(touch_iic.c.obj):(.text.Touch_IIC_Delay)
 8006f00  8006f00        0     1                 $t
 8006f01  8006f01       74     1                 Touch_IIC_Delay
 8006f78  8006f78       26     8         user_drivers/libuser_drivers.a(touch_iic.c.obj):(.text.Touch_INT_Out)
 8006f78  8006f78        0     1                 $t
 8006f79  8006f79       26     1                 Touch_INT_Out
 8006fa0  8006fa0       24     8         user_drivers/libuser_drivers.a(touch_iic.c.obj):(.text.Touch_INT_In)
 8006fa0  8006fa0        0     1                 $t
 8006fa1  8006fa1       24     1                 Touch_INT_In
 8006fc8  8006fc8     14a4     8         user_drivers/libuser_drivers.a(touch_iic.c.obj):(.text.Touch_IIC_Start)
 8006fc8  8006fc8        0     1                 $t
 8006fc9  8006fc9     14a4     1                 Touch_IIC_Start
 8008470  8008470     1b70     8         user_drivers/libuser_drivers.a(touch_iic.c.obj):(.text.Touch_IIC_Stop)
 8008470  8008470        0     1                 $t
 8008471  8008471     1b70     1                 Touch_IIC_Stop
 8009fe0  8009fe0     1b7c     8         user_drivers/libuser_drivers.a(touch_iic.c.obj):(.text.Touch_IIC_ACK)
 8009fe0  8009fe0        0     1                 $t
 8009fe1  8009fe1     1b7c     1                 Touch_IIC_ACK
 800bb60  800bb60     1b70     8         user_drivers/libuser_drivers.a(touch_iic.c.obj):(.text.Touch_IIC_NoACK)
 800bb60  800bb60        0     1                 $t
 800bb61  800bb61     1b70     1                 Touch_IIC_NoACK
 800d6d0  800d6d0     14aa     8         user_drivers/libuser_drivers.a(touch_iic.c.obj):(.text.Touch_IIC_WaitACK)
 800d6d0  800d6d0        0     1                 $t
 800d6d1  800d6d1     14aa     1                 Touch_IIC_WaitACK
 800eb80  800eb80      e36     8         user_drivers/libuser_drivers.a(touch_iic.c.obj):(.text.Touch_IIC_WriteByte)
 800eb80  800eb80        0     1                 $t
 800eb81  800eb81      e36     1                 Touch_IIC_WriteByte
 800f9b8  800f9b8      e3c     8         user_drivers/libuser_drivers.a(touch_iic.c.obj):(.text.Touch_IIC_ReadByte)
 800f9b8  800f9b8        0     1                 $t
 800f9b9  800f9b9      e3c     1                 Touch_IIC_ReadByte
 80107f8  80107f8       94     8         user_drivers/libuser_drivers.a(qspi_w25q64.c.obj):(.text.QSPI_W25Qxx_Init)
 80107f8  80107f8        0     1                 $t
 80107f9  80107f9       94     1                 QSPI_W25Qxx_Init
 8010890  8010890      106     8         user_drivers/libuser_drivers.a(qspi_w25q64.c.obj):(.text.QSPI_W25Qxx_Reset)
 8010890  8010890        0     1                 $t
 8010891  8010891      106     1                 QSPI_W25Qxx_Reset
 8010998  8010998       54     8         user_drivers/libuser_drivers.a(qspi_w25q64.c.obj):(.text.QSPI_W25Qxx_MemoryMappedMode)
 8010998  8010998        0     1                 $t
 8010999  8010999       54     1                 QSPI_W25Qxx_MemoryMappedMode
 80109f0  80109f0       3a     8         LVGL/liblvgl.a(lv_demo_music.c.obj):(.text.lv_demo_music)
 80109f0  80109f0        0     1                 $t
 80109f1  80109f1       3a     1                 lv_demo_music
 8010a30  8010a30       16     8         LVGL/liblvgl.a(lv_demo_music.c.obj):(.text._lv_demo_music_get_title)
 8010a30  8010a30        0     1                 $t
 8010a31  8010a31       16     1                 _lv_demo_music_get_title
 8010a48  8010a48       16     8         LVGL/liblvgl.a(lv_demo_music.c.obj):(.text._lv_demo_music_get_artist)
 8010a48  8010a48        0     1                 $t
 8010a49  8010a49       16     1                 _lv_demo_music_get_artist
 8010a60  8010a60       16     8         LVGL/liblvgl.a(lv_demo_music.c.obj):(.text._lv_demo_music_get_genre)
 8010a60  8010a60        0     1                 $t
 8010a61  8010a61       16     1                 _lv_demo_music_get_genre
 8010a78  8010a78       16     8         LVGL/liblvgl.a(lv_demo_music.c.obj):(.text._lv_demo_music_get_track_length)
 8010a78  8010a78        0     1                 $t
 8010a79  8010a79       16     1                 _lv_demo_music_get_track_length
 8010a90  8010a90      3b0     8         LVGL/liblvgl.a(lv_demo_music_list.c.obj):(.text._lv_demo_music_list_create)
 8010a90  8010a90        0     1                 $t
 8010a91  8010a91      3b0     1                 _lv_demo_music_list_create
 8010e40  8010e40       60     8         LVGL/liblvgl.a(lv_demo_music_list.c.obj):(.text._lv_demo_music_list_btn_check)
 8010e40  8010e40        0     1                 $t
 8010e41  8010e41       60     1                 _lv_demo_music_list_btn_check
 8010ea0  8010ea0       12     8         LVGL/liblvgl.a(lv_demo_music_list.c.obj):(.text.btn_click_event_cb)
 8010ea0  8010ea0        0     1                 $t
 8010ea1  8010ea1       12     1                 btn_click_event_cb
 8010eb8  8010eb8      9d0     8         LVGL/liblvgl.a(lv_demo_music_main.c.obj):(.text._lv_demo_music_main_create)
 8010eb8  8010eb8        0     1                 $t
 8010eb9  8010eb9      9d0     1                 _lv_demo_music_main_create
 8011888  8011888       44     8         LVGL/liblvgl.a(lv_demo_music_main.c.obj):(.text.timer_cb)
 8011888  8011888        0     1                 $t
 8011889  8011889       44     1                 timer_cb
 80118d0  80118d0       12     8         LVGL/liblvgl.a(lv_demo_music_main.c.obj):(.text.stop_start_anim)
 80118d0  80118d0        0     1                 $t
 80118d1  80118d1       12     1                 stop_start_anim
 80118e8  80118e8       12     8         LVGL/liblvgl.a(lv_demo_music_main.c.obj):(.text.start_anim_cb)
 80118e8  80118e8        0     1                 $t
 80118e9  80118e9       12     1                 start_anim_cb
 8011900  8011900        6     8         LVGL/liblvgl.a(lv_demo_music_main.c.obj):(.text._img_set_zoom_anim_cb)
 8011900  8011900        0     1                 $t
 8011901  8011901        6     1                 _img_set_zoom_anim_cb
 8011908  8011908       b4     8         LVGL/liblvgl.a(lv_demo_music_main.c.obj):(.text._lv_demo_music_album_next)
 8011908  8011908        0     1                 $t
 8011909  8011909       b4     1                 _lv_demo_music_album_next
 80119c0  80119c0       8a     8         LVGL/liblvgl.a(lv_demo_music_main.c.obj):(.text._lv_demo_music_play)
 80119c0  80119c0        0     1                 $t
 80119c1  80119c1       8a     1                 _lv_demo_music_play
 8011a50  8011a50      166     8         LVGL/liblvgl.a(lv_demo_music_main.c.obj):(.text.track_load)
 8011a50  8011a50        0     1                 $t
 8011a51  8011a51      166     1                 track_load
 8011bb8  8011bb8       76     8         LVGL/liblvgl.a(lv_demo_music_main.c.obj):(.text.spectrum_anim_cb)
 8011bb8  8011bb8        0     1                 $t
 8011bb9  8011bb9       76     1                 spectrum_anim_cb
 8011c30  8011c30        6     8         LVGL/liblvgl.a(lv_demo_music_main.c.obj):(.text.spectrum_end_cb)
 8011c30  8011c30        0     1                 $t
 8011c31  8011c31        6     1                 spectrum_end_cb
 8011c38  8011c38      6be     8         LVGL/liblvgl.a(lv_demo_music_main.c.obj):(.text.spectrum_draw_event_cb)
 8011c38  8011c38        0     1                 $t
 8011c39  8011c39      6be     1                 spectrum_draw_event_cb
 80122f8  80122f8       84     8         LVGL/liblvgl.a(lv_demo_music_main.c.obj):(.text.album_img_create)
 80122f8  80122f8        0     1                 $t
 80122f9  80122f9       84     1                 album_img_create
 8012380  8012380       2a     8         LVGL/liblvgl.a(lv_demo_music_main.c.obj):(.text.album_gesture_event_cb)
 8012380  8012380        0     1                 $t
 8012381  8012381       2a     1                 album_gesture_event_cb
 80123b0  80123b0        6     8         LVGL/liblvgl.a(lv_demo_music_main.c.obj):(.text.prev_click_event_cb)
 80123b0  80123b0        0     1                 $t
 80123b1  80123b1        6     1                 prev_click_event_cb
 80123b8  80123b8       dc     8         LVGL/liblvgl.a(lv_demo_music_main.c.obj):(.text.play_event_click_cb)
 80123b8  80123b8        0     1                 $t
 80123b9  80123b9       dc     1                 play_event_click_cb
 8012498  8012498       16     8         LVGL/liblvgl.a(lv_demo_music_main.c.obj):(.text.next_click_event_cb)
 8012498  8012498        0     1                 $t
 8012499  8012499       16     1                 next_click_event_cb
 80124b0  80124b0        6     8         LVGL/liblvgl.a(lv_demo_music_main.c.obj):(.text._obj_set_x_anim_cb)
 80124b0  80124b0        0     1                 $t
 80124b1  80124b1        6     1                 _obj_set_x_anim_cb
 80124b8  80124b8       5a     8         LVGL/liblvgl.a(lv_port_disp_template.c.obj):(.text.lv_port_disp_init)
 80124b8  80124b8        0     1                 $t
 80124b9  80124b9       5a     1                 lv_port_disp_init
 8012518  8012518        e     8         LVGL/liblvgl.a(lv_port_disp_template.c.obj):(.text.disp_flush)
 8012518  8012518        0     1                 $t
 8012519  8012519        e     1                 disp_flush
 8012528  8012528       10     8         LVGL/liblvgl.a(lv_port_disp_template.c.obj):(.text.HAL_LTDC_LineEventCallback)
 8012528  8012528        0     1                 $t
 8012529  8012529       10     1                 HAL_LTDC_LineEventCallback
 8012538  8012538       2c     8         LVGL/liblvgl.a(lv_port_indev_template.c.obj):(.text.lv_port_indev_init)
 8012538  8012538        0     1                 $t
 8012539  8012539       2c     1                 lv_port_indev_init
 8012568  8012568       3e     8         LVGL/liblvgl.a(lv_port_indev_template.c.obj):(.text.touchpad_read)
 8012568  8012568        0     1                 $t
 8012569  8012569       3e     1                 touchpad_read
 80125a8  80125a8       14     8         LVGL/liblvgl.a(lv_disp.c.obj):(.text.lv_disp_get_scr_act)
 80125a8  80125a8        0     1                 $t
 80125a9  80125a9       14     1                 lv_disp_get_scr_act
 80125c0  80125c0       14     8         LVGL/liblvgl.a(lv_disp.c.obj):(.text.lv_disp_get_scr_prev)
 80125c0  80125c0        0     1                 $t
 80125c1  80125c1       14     1                 lv_disp_get_scr_prev
 80125d8  80125d8       14     8         LVGL/liblvgl.a(lv_disp.c.obj):(.text.lv_disp_get_layer_top)
 80125d8  80125d8        0     1                 $t
 80125d9  80125d9       14     1                 lv_disp_get_layer_top
 80125f0  80125f0       14     8         LVGL/liblvgl.a(lv_disp.c.obj):(.text.lv_disp_get_layer_sys)
 80125f0  80125f0        0     1                 $t
 80125f1  80125f1       14     1                 lv_disp_get_layer_sys
 8012608  8012608       10     8         LVGL/liblvgl.a(lv_disp.c.obj):(.text.lv_disp_get_theme)
 8012608  8012608        0     1                 $t
 8012609  8012609       10     1                 lv_disp_get_theme
 8012618  8012618      1c8     8         LVGL/liblvgl.a(lv_event.c.obj):(.text.lv_event_send)
 8012618  8012618        0     1                 $t
 8012619  8012619      1c8     1                 lv_event_send
 80127e0  80127e0       44     8         LVGL/liblvgl.a(lv_event.c.obj):(.text.lv_obj_event_base)
 80127e0  80127e0        0     1                 $t
 80127e1  80127e1       44     1                 lv_obj_event_base
 8012828  8012828        4     8         LVGL/liblvgl.a(lv_event.c.obj):(.text.lv_event_get_target)
 8012828  8012828        0     1                 $t
 8012829  8012829        4     1                 lv_event_get_target
 8012830  8012830        4     8         LVGL/liblvgl.a(lv_event.c.obj):(.text.lv_event_get_current_target)
 8012830  8012830        0     1                 $t
 8012831  8012831        4     1                 lv_event_get_current_target
 8012838  8012838        8     8         LVGL/liblvgl.a(lv_event.c.obj):(.text.lv_event_get_code)
 8012838  8012838        0     1                 $t
 8012839  8012839        8     1                 lv_event_get_code
 8012840  8012840        4     8         LVGL/liblvgl.a(lv_event.c.obj):(.text.lv_event_get_param)
 8012840  8012840        0     1                 $t
 8012841  8012841        4     1                 lv_event_get_param
 8012848  8012848        4     8         LVGL/liblvgl.a(lv_event.c.obj):(.text.lv_event_get_user_data)
 8012848  8012848        0     1                 $t
 8012849  8012849        4     1                 lv_event_get_user_data
 8012850  8012850       32     8         LVGL/liblvgl.a(lv_event.c.obj):(.text._lv_event_mark_deleted)
 8012850  8012850        0     1                 $t
 8012851  8012851       32     1                 _lv_event_mark_deleted
 8012888  8012888       62     8         LVGL/liblvgl.a(lv_event.c.obj):(.text.lv_obj_add_event_cb)
 8012888  8012888        0     1                 $t
 8012889  8012889       62     1                 lv_obj_add_event_cb
 80128f0  80128f0        e     8         LVGL/liblvgl.a(lv_event.c.obj):(.text.lv_event_get_indev)
 80128f0  80128f0        0     1                 $t
 80128f1  80128f1        e     1                 lv_event_get_indev
 8012900  8012900        e     8         LVGL/liblvgl.a(lv_event.c.obj):(.text.lv_event_get_draw_ctx)
 8012900  8012900        0     1                 $t
 8012901  8012901        e     1                 lv_event_get_draw_ctx
 8012910  8012910       18     8         LVGL/liblvgl.a(lv_event.c.obj):(.text.lv_event_set_ext_draw_size)
 8012910  8012910        0     1                 $t
 8012911  8012911       18     1                 lv_event_set_ext_draw_size
 8012928  8012928        c     8         LVGL/liblvgl.a(lv_event.c.obj):(.text.lv_event_get_self_size_info)
 8012928  8012928        0     1                 $t
 8012929  8012929        c     1                 lv_event_get_self_size_info
 8012938  8012938       14     8         LVGL/liblvgl.a(lv_event.c.obj):(.text.lv_event_set_cover_res)
 8012938  8012938        0     1                 $t
 8012939  8012939       14     1                 lv_event_set_cover_res
 8012950  8012950      7cc     8         LVGL/liblvgl.a(lv_indev.c.obj):(.text.lv_indev_read_timer_cb)
 8012950  8012950        0     1                 $t
 8012951  8012951      7cc     1                 lv_indev_read_timer_cb
 8012a2e  8012a2e        0     1                 $d
 8012a38  8012a38        0     1                 $t
 8012d0e  8012d0e        0     1                 $d
 8012d38  8012d38        0     1                 $t
 8012d7e  8012d7e        0     1                 $d
 8012da8  8012da8        0     1                 $t
 8013120  8013120        c     8         LVGL/liblvgl.a(lv_indev.c.obj):(.text.lv_indev_get_act)
 8013120  8013120        0     1                 $t
 8013121  8013121        c     1                 lv_indev_get_act
 8013130  8013130        c     8         LVGL/liblvgl.a(lv_indev.c.obj):(.text.lv_indev_get_type)
 8013130  8013130        0     1                 $t
 8013131  8013131        c     1                 lv_indev_get_type
 8013140  8013140       e8     8         LVGL/liblvgl.a(lv_indev.c.obj):(.text.lv_indev_reset)
 8013140  8013140        0     1                 $t
 8013141  8013141       e8     1                 lv_indev_reset
 8013228  8013228       1a     8         LVGL/liblvgl.a(lv_indev.c.obj):(.text.lv_indev_reset_long_press)
 8013228  8013228        0     1                 $t
 8013229  8013229       1a     1                 lv_indev_reset_long_press
 8013248  8013248       2e     8         LVGL/liblvgl.a(lv_indev.c.obj):(.text.lv_indev_get_point)
 8013248  8013248        0     1                 $t
 8013249  8013249       2e     1                 lv_indev_get_point
 8013278  8013278        8     8         LVGL/liblvgl.a(lv_indev.c.obj):(.text.lv_indev_get_gesture_dir)
 8013278  8013278        0     1                 $t
 8013279  8013279        8     1                 lv_indev_get_gesture_dir
 8013280  8013280       1c     8         LVGL/liblvgl.a(lv_indev.c.obj):(.text.lv_indev_get_scroll_dir)
 8013280  8013280        0     1                 $t
 8013281  8013281       1c     1                 lv_indev_get_scroll_dir
 80132a0  80132a0       16     8         LVGL/liblvgl.a(lv_indev.c.obj):(.text.lv_indev_get_scroll_obj)
 80132a0  80132a0        0     1                 $t
 80132a1  80132a1       16     1                 lv_indev_get_scroll_obj
 80132b8  80132b8       20     8         LVGL/liblvgl.a(lv_indev.c.obj):(.text.lv_indev_get_vect)
 80132b8  80132b8        0     1                 $t
 80132b9  80132b9       20     1                 lv_indev_get_vect
 80132d8  80132d8       10     8         LVGL/liblvgl.a(lv_indev.c.obj):(.text.lv_indev_wait_release)
 80132d8  80132d8        0     1                 $t
 80132d9  80132d9       10     1                 lv_indev_wait_release
 80132e8  80132e8        c     8         LVGL/liblvgl.a(lv_indev.c.obj):(.text.lv_indev_get_obj_act)
 80132e8  80132e8        0     1                 $t
 80132e9  80132e9        c     1                 lv_indev_get_obj_act
 80132f8  80132f8       7c     8         LVGL/liblvgl.a(lv_indev.c.obj):(.text.lv_indev_search_obj)
 80132f8  80132f8        0     1                 $t
 80132f9  80132f9       7c     1                 lv_indev_search_obj
 8013378  8013378      280     8         LVGL/liblvgl.a(lv_indev.c.obj):(.text.indev_proc_press)
 8013378  8013378        0     1                 $t
 8013379  8013379      280     1                 indev_proc_press
 80135f8  80135f8       9e     8         LVGL/liblvgl.a(lv_indev.c.obj):(.text.indev_proc_release)
 80135f8  80135f8        0     1                 $t
 80135f9  80135f9       9e     1                 indev_proc_release
 8013698  8013698      104     8         LVGL/liblvgl.a(lv_indev.c.obj):(.text.indev_gesture)
 8013698  8013698        0     1                 $t
 8013699  8013699      104     1                 indev_gesture
 80137a0  80137a0        e     8         LVGL/liblvgl.a(lv_group.c.obj):(.text._lv_group_init)
 80137a0  80137a0        0     1                 $t
 80137a1  80137a1        e     1                 _lv_group_init
 80137b0  80137b0        c     8         LVGL/liblvgl.a(lv_group.c.obj):(.text.lv_group_get_default)
 80137b0  80137b0        0     1                 $t
 80137b1  80137b1        c     1                 lv_group_get_default
 80137c0  80137c0      100     8         LVGL/liblvgl.a(lv_group.c.obj):(.text.lv_group_add_obj)
 80137c0  80137c0        0     1                 $t
 80137c1  80137c1      100     1                 lv_group_add_obj
 80138c0  80138c0      14e     8         LVGL/liblvgl.a(lv_group.c.obj):(.text.lv_group_focus_obj)
 80138c0  80138c0        0     1                 $t
 80138c1  80138c1      14e     1                 lv_group_focus_obj
 8013a10  8013a10      15c     8         LVGL/liblvgl.a(lv_group.c.obj):(.text.lv_group_remove_obj)
 8013a10  8013a10        0     1                 $t
 8013a11  8013a11      15c     1                 lv_group_remove_obj
 8013b70  8013b70       ac     8         LVGL/liblvgl.a(lv_group.c.obj):(.text.lv_group_set_editing)
 8013b70  8013b70        0     1                 $t
 8013b71  8013b71       ac     1                 lv_group_set_editing
 8013c20  8013c20       14     8         LVGL/liblvgl.a(lv_group.c.obj):(.text.lv_group_focus_next)
 8013c20  8013c20        0     1                 $t
 8013c21  8013c21       14     1                 lv_group_focus_next
 8013c38  8013c38      1a4     8         LVGL/liblvgl.a(lv_group.c.obj):(.text.focus_next_core)
 8013c38  8013c38        0     1                 $t
 8013c39  8013c39      1a4     1                 focus_next_core
 8013de0  8013de0       14     8         LVGL/liblvgl.a(lv_group.c.obj):(.text.lv_group_focus_prev)
 8013de0  8013de0        0     1                 $t
 8013de1  8013de1       14     1                 lv_group_focus_prev
 8013df8  8013df8       26     8         LVGL/liblvgl.a(lv_group.c.obj):(.text.lv_group_send_data)
 8013df8  8013df8        0     1                 $t
 8013df9  8013df9       26     1                 lv_group_send_data
 8013e20  8013e20       10     8         LVGL/liblvgl.a(lv_group.c.obj):(.text.lv_group_get_focused)
 8013e20  8013e20        0     1                 $t
 8013e21  8013e21       10     1                 lv_group_get_focused
 8013e30  8013e30       14     8         LVGL/liblvgl.a(lv_group.c.obj):(.text.lv_group_get_editing)
 8013e30  8013e30        0     1                 $t
 8013e31  8013e31       14     1                 lv_group_get_editing
 8013e48  8013e48        4     8         LVGL/liblvgl.a(lv_group.c.obj):(.text.lv_group_get_obj_count)
 8013e48  8013e48        0     1                 $t
 8013e49  8013e49        4     1                 lv_group_get_obj_count
 8013e50  8013e50      57e     8         LVGL/liblvgl.a(lv_indev_scroll.c.obj):(.text._lv_indev_scroll_handler)
 8013e50  8013e50        0     1                 $t
 8013e51  8013e51      57e     1                 _lv_indev_scroll_handler
 80143d0  80143d0      184     8         LVGL/liblvgl.a(lv_indev_scroll.c.obj):(.text.elastic_diff)
 80143d0  80143d0        0     1                 $t
 80143d1  80143d1      184     1                 elastic_diff
 8014558  8014558      32c     8         LVGL/liblvgl.a(lv_indev_scroll.c.obj):(.text._lv_indev_scroll_throw_handler)
 8014558  8014558        0     1                 $t
 8014559  8014559      32c     1                 _lv_indev_scroll_throw_handler
 8014888  8014888      142     8         LVGL/liblvgl.a(lv_indev_scroll.c.obj):(.text.find_snap_point_y)
 8014888  8014888        0     1                 $t
 8014889  8014889      142     1                 find_snap_point_y
 80149d0  80149d0      142     8         LVGL/liblvgl.a(lv_indev_scroll.c.obj):(.text.find_snap_point_x)
 80149d0  80149d0        0     1                 $t
 80149d1  80149d1      142     1                 find_snap_point_x
 8014b18  8014b18       8e     8         LVGL/liblvgl.a(lv_indev_scroll.c.obj):(.text.lv_indev_scroll_throw_predict)
 8014b18  8014b18        0     1                 $t
 8014b19  8014b19       8e     1                 lv_indev_scroll_throw_predict
 8014ba8  8014ba8       62     8         LVGL/liblvgl.a(lv_obj.c.obj):(.text.lv_obj_constructor)
 8014ba8  8014ba8        0     1                 $t
 8014ba9  8014ba9       62     1                 lv_obj_constructor
 8014c10  8014c10       6e     8         LVGL/liblvgl.a(lv_obj.c.obj):(.text.lv_obj_destructor)
 8014c10  8014c10        0     1                 $t
 8014c11  8014c11       6e     1                 lv_obj_destructor
 8014c80  8014c80      8cc     8         LVGL/liblvgl.a(lv_obj.c.obj):(.text.lv_obj_event)
 8014c80  8014c80        0     1                 $t
 8014c81  8014c81      8cc     1                 lv_obj_event
 8014ca4  8014ca4        0     1                 $d
 8014cf8  8014cf8        0     1                 $t
 8014e76  8014e76        0     1                 $d
 8014e80  8014e80        0     1                 $t
 8015550  8015550       62     8         LVGL/liblvgl.a(lv_obj.c.obj):(.text.lv_init)
 8015550  8015550        0     1                 $t
 8015551  8015551       62     1                 lv_init
 80155b8  80155b8       1a     8         LVGL/liblvgl.a(lv_obj.c.obj):(.text.lv_obj_create)
 80155b8  80155b8        0     1                 $t
 80155b9  80155b9       1a     1                 lv_obj_create
 80155d8  80155d8       86     8         LVGL/liblvgl.a(lv_obj.c.obj):(.text.lv_obj_add_flag)
 80155d8  80155d8        0     1                 $t
 80155d9  80155d9       86     1                 lv_obj_add_flag
 8015660  8015660       7e     8         LVGL/liblvgl.a(lv_obj.c.obj):(.text.lv_obj_clear_flag)
 8015660  8015660        0     1                 $t
 8015661  8015661       7e     1                 lv_obj_clear_flag
 80156e0  80156e0        e     8         LVGL/liblvgl.a(lv_obj.c.obj):(.text.lv_obj_add_state)
 80156e0  80156e0        0     1                 $t
 80156e1  80156e1        e     1                 lv_obj_add_state
 80156f0  80156f0      2c4     8         LVGL/liblvgl.a(lv_obj.c.obj):(.text.lv_obj_set_state)
 80156f0  80156f0        0     1                 $t
 80156f1  80156f1      2c4     1                 lv_obj_set_state
 80159b8  80159b8       10     8         LVGL/liblvgl.a(lv_obj.c.obj):(.text.lv_obj_clear_state)
 80159b8  80159b8        0     1                 $t
 80159b9  80159b9       10     1                 lv_obj_clear_state
 80159c8  80159c8        e     8         LVGL/liblvgl.a(lv_obj.c.obj):(.text.lv_obj_has_flag)
 80159c8  80159c8        0     1                 $t
 80159c9  80159c9        e     1                 lv_obj_has_flag
 80159d8  80159d8        a     8         LVGL/liblvgl.a(lv_obj.c.obj):(.text.lv_obj_has_flag_any)
 80159d8  80159d8        0     1                 $t
 80159d9  80159d9        a     1                 lv_obj_has_flag_any
 80159e8  80159e8        4     8         LVGL/liblvgl.a(lv_obj.c.obj):(.text.lv_obj_get_state)
 80159e8  80159e8        0     1                 $t
 80159e9  80159e9        4     1                 lv_obj_get_state
 80159f0  80159f0        a     8         LVGL/liblvgl.a(lv_obj.c.obj):(.text.lv_obj_has_state)
 80159f0  80159f0        0     1                 $t
 80159f1  80159f1        a     1                 lv_obj_has_state
 8015a00  8015a00        c     8         LVGL/liblvgl.a(lv_obj.c.obj):(.text.lv_obj_get_group)
 8015a00  8015a00        0     1                 $t
 8015a01  8015a01        c     1                 lv_obj_get_group
 8015a10  8015a10       42     8         LVGL/liblvgl.a(lv_obj.c.obj):(.text.lv_obj_allocate_spec_attr)
 8015a10  8015a10        0     1                 $t
 8015a11  8015a11       42     1                 lv_obj_allocate_spec_attr
 8015a58  8015a58       14     8         LVGL/liblvgl.a(lv_obj.c.obj):(.text.lv_obj_check_type)
 8015a58  8015a58        0     1                 $t
 8015a59  8015a59       14     1                 lv_obj_check_type
 8015a70  8015a70      11a     8         LVGL/liblvgl.a(lv_obj_class.c.obj):(.text.lv_obj_class_create_obj)
 8015a70  8015a70        0     1                 $t
 8015a71  8015a71      11a     1                 lv_obj_class_create_obj
 8015b90  8015b90       80     8         LVGL/liblvgl.a(lv_obj_class.c.obj):(.text.lv_obj_class_init_obj)
 8015b90  8015b90        0     1                 $t
 8015b91  8015b91       80     1                 lv_obj_class_init_obj
 8015c10  8015c10       26     8         LVGL/liblvgl.a(lv_obj_class.c.obj):(.text.lv_obj_construct)
 8015c10  8015c10        0     1                 $t
 8015c11  8015c11       26     1                 lv_obj_construct
 8015c38  8015c38       2a     8         LVGL/liblvgl.a(lv_obj_class.c.obj):(.text._lv_obj_destruct)
 8015c38  8015c38        0     1                 $t
 8015c39  8015c39       2a     1                 _lv_obj_destruct
 8015c68  8015c68       44     8         LVGL/liblvgl.a(lv_obj_class.c.obj):(.text.lv_obj_is_editable)
 8015c68  8015c68        0     1                 $t
 8015c69  8015c69       44     1                 lv_obj_is_editable
 8015cb0  8015cb0      2fa     8         LVGL/liblvgl.a(lv_obj_draw.c.obj):(.text.lv_obj_init_draw_rect_dsc)
 8015cb0  8015cb0        0     1                 $t
 8015cb1  8015cb1      2fa     1                 lv_obj_init_draw_rect_dsc
 8015fb0  8015fb0       b8     8         LVGL/liblvgl.a(lv_obj_draw.c.obj):(.text.lv_obj_init_draw_label_dsc)
 8015fb0  8015fb0        0     1                 $t
 8015fb1  8015fb1       b8     1                 lv_obj_init_draw_label_dsc
 8016068  8016068       a6     8         LVGL/liblvgl.a(lv_obj_draw.c.obj):(.text.lv_obj_init_draw_img_dsc)
 8016068  8016068        0     1                 $t
 8016069  8016069       a6     1                 lv_obj_init_draw_img_dsc
 8016110  8016110       b2     8         LVGL/liblvgl.a(lv_obj_draw.c.obj):(.text.lv_obj_init_draw_line_dsc)
 8016110  8016110        0     1                 $t
 8016111  8016111       b2     1                 lv_obj_init_draw_line_dsc
 80161c8  80161c8       9e     8         LVGL/liblvgl.a(lv_obj_draw.c.obj):(.text.lv_obj_init_draw_arc_dsc)
 80161c8  80161c8        0     1                 $t
 80161c9  80161c9       9e     1                 lv_obj_init_draw_arc_dsc
 8016268  8016268       f4     8         LVGL/liblvgl.a(lv_obj_draw.c.obj):(.text.lv_obj_calculate_ext_draw_size)
 8016268  8016268        0     1                 $t
 8016269  8016269       f4     1                 lv_obj_calculate_ext_draw_size
 8016360  8016360       10     8         LVGL/liblvgl.a(lv_obj_draw.c.obj):(.text.lv_obj_draw_dsc_init)
 8016360  8016360        0     1                 $t
 8016361  8016361       10     1                 lv_obj_draw_dsc_init
 8016370  8016370       68     8         LVGL/liblvgl.a(lv_obj_draw.c.obj):(.text.lv_obj_refresh_ext_draw_size)
 8016370  8016370        0     1                 $t
 8016371  8016371       68     1                 lv_obj_refresh_ext_draw_size
 80163d8  80163d8        e     8         LVGL/liblvgl.a(lv_obj_draw.c.obj):(.text._lv_obj_get_ext_draw_size)
 80163d8  80163d8        0     1                 $t
 80163d9  80163d9        e     1                 _lv_obj_get_ext_draw_size
 80163e8  80163e8       54     8         LVGL/liblvgl.a(lv_obj_pos.c.obj):(.text.lv_obj_set_pos)
 80163e8  80163e8        0     1                 $t
 80163e9  80163e9       54     1                 lv_obj_set_pos
 8016440  8016440       2e     8         LVGL/liblvgl.a(lv_obj_pos.c.obj):(.text.lv_obj_set_x)
 8016440  8016440        0     1                 $t
 8016441  8016441       2e     1                 lv_obj_set_x
 8016470  8016470       2e     8         LVGL/liblvgl.a(lv_obj_pos.c.obj):(.text.lv_obj_set_y)
 8016470  8016470        0     1                 $t
 8016471  8016471       2e     1                 lv_obj_set_y
 80164a0  80164a0      8e8     8         LVGL/liblvgl.a(lv_obj_pos.c.obj):(.text.lv_obj_refr_size)
 80164a0  80164a0        0     1                 $t
 80164a1  80164a1      8e8     1                 lv_obj_refr_size
 8016d88  8016d88        c     8         LVGL/liblvgl.a(lv_obj_pos.c.obj):(.text.lv_obj_get_width)
 8016d88  8016d88        0     1                 $t
 8016d89  8016d89        c     1                 lv_obj_get_width
 8016d98  8016d98       3e     8         LVGL/liblvgl.a(lv_obj_pos.c.obj):(.text.lv_obj_get_content_width)
 8016d98  8016d98        0     1                 $t
 8016d99  8016d99       3e     1                 lv_obj_get_content_width
 8016dd8  8016dd8        c     8         LVGL/liblvgl.a(lv_obj_pos.c.obj):(.text.lv_obj_get_height)
 8016dd8  8016dd8        0     1                 $t
 8016dd9  8016dd9        c     1                 lv_obj_get_height
 8016de8  8016de8       3e     8         LVGL/liblvgl.a(lv_obj_pos.c.obj):(.text.lv_obj_get_content_height)
 8016de8  8016de8        0     1                 $t
 8016de9  8016de9       3e     1                 lv_obj_get_content_height
 8016e28  8016e28       6e     8         LVGL/liblvgl.a(lv_obj_pos.c.obj):(.text.lv_obj_invalidate)
 8016e28  8016e28        0     1                 $t
 8016e29  8016e29       6e     1                 lv_obj_invalidate
 8016e98  8016e98        a     8         LVGL/liblvgl.a(lv_obj_pos.c.obj):(.text.lv_obj_get_coords)
 8016e98  8016e98        0     1                 $t
 8016e99  8016e99        a     1                 lv_obj_get_coords
 8016ea8  8016ea8       6e     8         LVGL/liblvgl.a(lv_obj_pos.c.obj):(.text.lv_obj_get_content_coords)
 8016ea8  8016ea8        0     1                 $t
 8016ea9  8016ea9       6e     1                 lv_obj_get_content_coords
 8016f18  8016f18       54     8         LVGL/liblvgl.a(lv_obj_pos.c.obj):(.text.lv_obj_set_size)
 8016f18  8016f18        0     1                 $t
 8016f19  8016f19       54     1                 lv_obj_set_size
 8016f70  8016f70       2e     8         LVGL/liblvgl.a(lv_obj_pos.c.obj):(.text.lv_obj_set_width)
 8016f70  8016f70        0     1                 $t
 8016f71  8016f71       2e     1                 lv_obj_set_width
 8016fa0  8016fa0       2e     8         LVGL/liblvgl.a(lv_obj_pos.c.obj):(.text.lv_obj_set_height)
 8016fa0  8016fa0        0     1                 $t
 8016fa1  8016fa1       2e     1                 lv_obj_set_height
 8016fd0  8016fd0       36     8         LVGL/liblvgl.a(lv_obj_pos.c.obj):(.text.lv_obj_set_layout)
 8016fd0  8016fd0        0     1                 $t
 8016fd1  8016fd1       36     1                 lv_obj_set_layout
 8017008  8017008       2a     8         LVGL/liblvgl.a(lv_obj_pos.c.obj):(.text.lv_obj_mark_layout_as_dirty)
 8017008  8017008        0     1                 $t
 8017009  8017009       2a     1                 lv_obj_mark_layout_as_dirty
 8017038  8017038       34     8         LVGL/liblvgl.a(lv_obj_pos.c.obj):(.text.lv_obj_is_layout_positioned)
 8017038  8017038        0     1                 $t
 8017039  8017039       34     1                 lv_obj_is_layout_positioned
 8017070  8017070       40     8         LVGL/liblvgl.a(lv_obj_pos.c.obj):(.text.lv_obj_update_layout)
 8017070  8017070        0     1                 $t
 8017071  8017071       40     1                 lv_obj_update_layout
 80170b0  80170b0       82     8         LVGL/liblvgl.a(lv_obj_pos.c.obj):(.text.layout_update_core)
 80170b0  80170b0        0     1                 $t
 80170b1  80170b1       82     1                 layout_update_core
 8017138  8017138       4a     8         LVGL/liblvgl.a(lv_obj_pos.c.obj):(.text.lv_layout_register)
 8017138  8017138        0     1                 $t
 8017139  8017139       4a     1                 lv_layout_register
 8017188  8017188       5c     8         LVGL/liblvgl.a(lv_obj_pos.c.obj):(.text.lv_obj_align)
 8017188  8017188        0     1                 $t
 8017189  8017189       5c     1                 lv_obj_align
 80171e8  80171e8      630     8         LVGL/liblvgl.a(lv_obj_pos.c.obj):(.text.lv_obj_align_to)
 80171e8  80171e8        0     1                 $t
 80171e9  80171e9      630     1                 lv_obj_align_to
 80172a6  80172a6        0     1                 $d
 80172d8  80172d8        0     1                 $t
 8017818  8017818       44     8         LVGL/liblvgl.a(lv_obj_pos.c.obj):(.text.lv_obj_get_x)
 8017818  8017818        0     1                 $t
 8017819  8017819       44     1                 lv_obj_get_x
 8017860  8017860       44     8         LVGL/liblvgl.a(lv_obj_pos.c.obj):(.text.lv_obj_get_y)
 8017860  8017860        0     1                 $t
 8017861  8017861       44     1                 lv_obj_get_y
 80178a8  80178a8       5a     8         LVGL/liblvgl.a(lv_obj_pos.c.obj):(.text.lv_obj_get_y2)
 80178a8  80178a8        0     1                 $t
 80178a9  80178a9       5a     1                 lv_obj_get_y2
 8017908  8017908       1c     8         LVGL/liblvgl.a(lv_obj_pos.c.obj):(.text.lv_obj_get_self_width)
 8017908  8017908        0     1                 $t
 8017909  8017909       1c     1                 lv_obj_get_self_width
 8017928  8017928       1a     8         LVGL/liblvgl.a(lv_obj_pos.c.obj):(.text.lv_obj_get_self_height)
 8017928  8017928        0     1                 $t
 8017929  8017929       1a     1                 lv_obj_get_self_height
 8017948  8017948       66     8         LVGL/liblvgl.a(lv_obj_pos.c.obj):(.text.lv_obj_refresh_self_size)
 8017948  8017948        0     1                 $t
 8017949  8017949       66     1                 lv_obj_refresh_self_size
 80179b0  80179b0      350     8         LVGL/liblvgl.a(lv_obj_pos.c.obj):(.text.lv_obj_refr_pos)
 80179b0  80179b0        0     1                 $t
 80179b1  80179b1      350     1                 lv_obj_refr_pos
 8017bd2  8017bd2        0     1                 $d
 8017be0  8017be0        0     1                 $t
 8017d00  8017d00      1ac     8         LVGL/liblvgl.a(lv_obj_pos.c.obj):(.text.lv_obj_move_to)
 8017d00  8017d00        0     1                 $t
 8017d01  8017d01      1ac     1                 lv_obj_move_to
 8017eb0  8017eb0       a8     8         LVGL/liblvgl.a(lv_obj_pos.c.obj):(.text.lv_obj_move_children_by)
 8017eb0  8017eb0        0     1                 $t
 8017eb1  8017eb1       a8     1                 lv_obj_move_children_by
 8017f58  8017f58       28     8         LVGL/liblvgl.a(lv_obj_pos.c.obj):(.text.lv_obj_invalidate_area)
 8017f58  8017f58        0     1                 $t
 8017f59  8017f59       28     1                 lv_obj_invalidate_area
 8017f80  8017f80       d6     8         LVGL/liblvgl.a(lv_obj_pos.c.obj):(.text.lv_obj_area_is_visible)
 8017f80  8017f80        0     1                 $t
 8017f81  8017f81       d6     1                 lv_obj_area_is_visible
 8018058  8018058       38     8         LVGL/liblvgl.a(lv_obj_pos.c.obj):(.text.lv_obj_is_visible)
 8018058  8018058        0     1                 $t
 8018059  8018059       38     1                 lv_obj_is_visible
 8018090  8018090       10     8         LVGL/liblvgl.a(lv_obj_pos.c.obj):(.text.lv_obj_set_ext_click_area)
 8018090  8018090        0     1                 $t
 8018091  8018091       10     1                 lv_obj_set_ext_click_area
 80180a0  80180a0       3a     8         LVGL/liblvgl.a(lv_obj_pos.c.obj):(.text.lv_obj_get_click_area)
 80180a0  80180a0        0     1                 $t
[...]
                                                  LVGL/liblvgl.a(lv_tabview.c.obj)
                                                  LVGL/liblvgl.a(lv_msgbox.c.obj)
                                                  LVGL/liblvgl.a(lv_calendar.c.obj)
lv_btnmatrix_set_btn_ctrl                         LVGL/liblvgl.a(lv_btnmatrix.c.obj)
                                                  LVGL/liblvgl.a(lv_tabview.c.obj)
                                                  LVGL/liblvgl.a(lv_calendar.c.obj)
lv_btnmatrix_get_selected_btn                     LVGL/liblvgl.a(lv_btnmatrix.c.obj)
                                                  LVGL/liblvgl.a(lv_tabview.c.obj)
                                                  LVGL/liblvgl.a(lv_msgbox.c.obj)
                                                  LVGL/liblvgl.a(lv_calendar.c.obj)
                                                  LVGL/liblvgl.a(lv_keyboard.c.obj)
lv_btn_create                                     LVGL/liblvgl.a(lv_btn.c.obj)
                                                  LVGL/liblvgl.a(lv_menu.c.obj)
                                                  LVGL/liblvgl.a(lv_win.c.obj)
                                                  LVGL/liblvgl.a(lv_msgbox.c.obj)
                                                  LVGL/liblvgl.a(lv_calendar_header_arrow.c.obj)
lv_menu_set_page                                  LVGL/liblvgl.a(lv_menu.c.obj)
lv_label_set_long_mode                            LVGL/liblvgl.a(lv_label.c.obj)
                                                  LVGL/liblvgl.a(lv_win.c.obj)
                                                  LVGL/liblvgl.a(lv_msgbox.c.obj)
                                                  LVGL/liblvgl.a(lv_calendar_header_arrow.c.obj)
                                                  LVGL/liblvgl.a(lv_list.c.obj)
lv_btnmatrix_get_btn_text                         LVGL/liblvgl.a(lv_btnmatrix.c.obj)
                                                  LVGL/liblvgl.a(lv_msgbox.c.obj)
                                                  LVGL/liblvgl.a(lv_calendar.c.obj)
                                                  LVGL/liblvgl.a(lv_keyboard.c.obj)
lv_calendar_set_showed_date                       LVGL/liblvgl.a(lv_calendar.c.obj)
                                                  LVGL/liblvgl.a(lv_calendar_header_arrow.c.obj)
                                                  LVGL/liblvgl.a(lv_calendar_header_dropdown.c.obj)
lv_btnmatrix_clear_btn_ctrl_all                   LVGL/liblvgl.a(lv_btnmatrix.c.obj)
                                                  LVGL/liblvgl.a(lv_calendar.c.obj)
lv_btnmatrix_set_selected_btn                     LVGL/liblvgl.a(lv_btnmatrix.c.obj)
                                                  LVGL/liblvgl.a(lv_calendar.c.obj)
lv_calendar_get_showed_date                       LVGL/liblvgl.a(lv_calendar.c.obj)
                                                  LVGL/liblvgl.a(lv_calendar_header_arrow.c.obj)
                                                  LVGL/liblvgl.a(lv_calendar_header_dropdown.c.obj)
lv_btnmatrix_has_btn_ctrl                         LVGL/liblvgl.a(lv_btnmatrix.c.obj)
                                                  LVGL/liblvgl.a(lv_calendar.c.obj)
_lv_ll_is_empty                                   LVGL/liblvgl.a(lv_ll.c.obj)
                                                  LVGL/liblvgl.a(lv_chart.c.obj)
                                                  LVGL/liblvgl.a(lv_anim.c.obj)
lv_chart_get_point_pos_by_id                      LVGL/liblvgl.a(lv_chart.c.obj)
lv_map                                            LVGL/liblvgl.a(lv_math.c.obj)
                                                  LVGL/liblvgl.a(lv_chart.c.obj)
                                                  LVGL/liblvgl.a(lv_meter.c.obj)
                                                  LVGL/liblvgl.a(lv_anim.c.obj)
                                                  LVGL/liblvgl.a(lv_arc.c.obj)
lv_anim_path_ease_in_out                          LVGL/liblvgl.a(lv_anim.c.obj)
                                                  LVGL/liblvgl.a(lv_spinner.c.obj)
lv_arc_set_bg_angles                              LVGL/liblvgl.a(lv_arc.c.obj)
                                                  LVGL/liblvgl.a(lv_spinner.c.obj)
lv_arc_set_rotation                               LVGL/liblvgl.a(lv_arc.c.obj)
                                                  LVGL/liblvgl.a(lv_spinner.c.obj)
lv_arc_set_end_angle                              LVGL/liblvgl.a(lv_arc.c.obj)
                                                  LVGL/liblvgl.a(lv_spinner.c.obj)
lv_arc_set_start_angle                            LVGL/liblvgl.a(lv_arc.c.obj)
                                                  LVGL/liblvgl.a(lv_spinner.c.obj)
lv_draw_arc_dsc_init                              LVGL/liblvgl.a(lv_draw_arc.c.obj)
                                                  LVGL/liblvgl.a(lv_meter.c.obj)
                                                  LVGL/liblvgl.a(lv_arc.c.obj)
lv_draw_arc                                       LVGL/liblvgl.a(lv_draw_arc.c.obj)
                                                  LVGL/liblvgl.a(lv_meter.c.obj)
                                                  LVGL/liblvgl.a(lv_arc.c.obj)
lv_draw_arc_get_area                              LVGL/liblvgl.a(lv_draw_arc.c.obj)
                                                  LVGL/liblvgl.a(lv_meter.c.obj)
                                                  LVGL/liblvgl.a(lv_arc.c.obj)
lv_dropdown_create                                LVGL/liblvgl.a(lv_dropdown.c.obj)
                                                  LVGL/liblvgl.a(lv_calendar_header_dropdown.c.obj)
lv_dropdown_set_options                           LVGL/liblvgl.a(lv_dropdown.c.obj)
                                                  LVGL/liblvgl.a(lv_calendar_header_dropdown.c.obj)
lv_dropdown_get_selected                          LVGL/liblvgl.a(lv_dropdown.c.obj)
                                                  LVGL/liblvgl.a(lv_calendar_header_dropdown.c.obj)
lv_dropdown_set_selected                          LVGL/liblvgl.a(lv_dropdown.c.obj)
                                                  LVGL/liblvgl.a(lv_calendar_header_dropdown.c.obj)
lv_keyboard_def_event_cb                          LVGL/liblvgl.a(lv_keyboard.c.obj)
lv_btnmatrix_set_ctrl_map                         LVGL/liblvgl.a(lv_btnmatrix.c.obj)
                                                  LVGL/liblvgl.a(lv_keyboard.c.obj)
lv_textarea_add_text                              LVGL/liblvgl.a(lv_textarea.c.obj)
                                                  LVGL/liblvgl.a(lv_keyboard.c.obj)
lv_textarea_add_char                              LVGL/liblvgl.a(lv_textarea.c.obj)
                                                  LVGL/liblvgl.a(lv_keyboard.c.obj)
                                                  LVGL/liblvgl.a(lv_spinbox.c.obj)
lv_textarea_get_one_line                          LVGL/liblvgl.a(lv_textarea.c.obj)
                                                  LVGL/liblvgl.a(lv_keyboard.c.obj)
lv_textarea_cursor_left                           LVGL/liblvgl.a(lv_textarea.c.obj)
                                                  LVGL/liblvgl.a(lv_keyboard.c.obj)
                                                  LVGL/liblvgl.a(lv_spinbox.c.obj)
lv_textarea_cursor_right                          LVGL/liblvgl.a(lv_textarea.c.obj)
                                                  LVGL/liblvgl.a(lv_keyboard.c.obj)
lv_textarea_del_char                              LVGL/liblvgl.a(lv_textarea.c.obj)
                                                  LVGL/liblvgl.a(lv_keyboard.c.obj)
lv_textarea_get_cursor_pos                        LVGL/liblvgl.a(lv_textarea.c.obj)
                                                  LVGL/liblvgl.a(lv_keyboard.c.obj)
lv_textarea_get_text                              LVGL/liblvgl.a(lv_textarea.c.obj)
                                                  LVGL/liblvgl.a(lv_keyboard.c.obj)
                                                  LVGL/liblvgl.a(lv_spinbox.c.obj)
lv_textarea_set_cursor_pos                        LVGL/liblvgl.a(lv_textarea.c.obj)
                                                  LVGL/liblvgl.a(lv_keyboard.c.obj)
                                                  LVGL/liblvgl.a(lv_spinbox.c.obj)
lv_label_class                                    LVGL/liblvgl.a(lv_label.c.obj)
                                                  LVGL/liblvgl.a(lv_list.c.obj)
                                                  LVGL/liblvgl.a(lv_roller.c.obj)
lv_label_get_text                                 LVGL/liblvgl.a(lv_label.c.obj)
                                                  LVGL/liblvgl.a(lv_list.c.obj)
                                                  LVGL/liblvgl.a(lv_dropdown.c.obj)
                                                  LVGL/liblvgl.a(lv_roller.c.obj)
                                                  LVGL/liblvgl.a(lv_textarea.c.obj)
lv_textarea_set_one_line                          LVGL/liblvgl.a(lv_textarea.c.obj)
                                                  LVGL/liblvgl.a(lv_spinbox.c.obj)
lv_textarea_set_cursor_click_pos                  LVGL/liblvgl.a(lv_textarea.c.obj)
                                                  LVGL/liblvgl.a(lv_spinbox.c.obj)
lv_spinbox_increment                              LVGL/liblvgl.a(lv_spinbox.c.obj)
lv_spinbox_decrement                              LVGL/liblvgl.a(lv_spinbox.c.obj)
lv_pow                                            LVGL/liblvgl.a(lv_math.c.obj)
                                                  LVGL/liblvgl.a(lv_spinbox.c.obj)
lv_spinbox_step_prev                              LVGL/liblvgl.a(lv_spinbox.c.obj)
__aeabi_memset4                                   D:\Toolchain\ATfE-21.1.1\bin\..\lib\clang-runtimes/arm-none-eabi/armv7m_hard_fpv5_d16_exn_rtti_unaligned_size\lib\libc.a(aeabi_memset.c.o)
                                                  LVGL/liblvgl.a(lv_spinbox.c.obj)
                                                  LVGL/liblvgl.a(lv_mem.c.obj)
lv_textarea_set_text                              LVGL/liblvgl.a(lv_textarea.c.obj)
                                                  LVGL/liblvgl.a(lv_spinbox.c.obj)
lv_color_hsv_to_rgb                               LVGL/liblvgl.a(lv_color.c.obj)
                                                  LVGL/liblvgl.a(lv_colorwheel.c.obj)
lv_atan2                                          LVGL/liblvgl.a(lv_math.c.obj)
                                                  LVGL/liblvgl.a(lv_colorwheel.c.obj)
                                                  LVGL/liblvgl.a(lv_arc.c.obj)
lv_colorwheel_set_hsv                             LVGL/liblvgl.a(lv_colorwheel.c.obj)
_lv_anim_ll                                       LVGL/liblvgl.a(lv_gc.c.obj)
                                                  LVGL/liblvgl.a(lv_anim.c.obj)
lv_bezier3                                        LVGL/liblvgl.a(lv_math.c.obj)
                                                  LVGL/liblvgl.a(lv_anim.c.obj)
lv_anim_path_step                                 LVGL/liblvgl.a(lv_anim.c.obj)
                                                  LVGL/liblvgl.a(lv_textarea.c.obj)
_lv_fsdrv_ll                                      LVGL/liblvgl.a(lv_gc.c.obj)
                                                  LVGL/liblvgl.a(lv_fs.c.obj)
lv_mem_buf                                        LVGL/liblvgl.a(lv_gc.c.obj)
                                                  LVGL/liblvgl.a(lv_mem.c.obj)
_lv_timer_act                                     LVGL/liblvgl.a(lv_gc.c.obj)
                                                  LVGL/liblvgl.a(lv_timer.c.obj)
_lv_theme_basic_styles                            LVGL/liblvgl.a(lv_gc.c.obj)
_lv_timer_ll                                      LVGL/liblvgl.a(lv_gc.c.obj)
                                                  LVGL/liblvgl.a(lv_timer.c.obj)
lv_tlsf_create_with_pool                          LVGL/liblvgl.a(lv_tlsf.c.obj)
                                                  LVGL/liblvgl.a(lv_mem.c.obj)
lv_tlsf_malloc                                    LVGL/liblvgl.a(lv_tlsf.c.obj)
                                                  LVGL/liblvgl.a(lv_mem.c.obj)
lv_tlsf_get_pool                                  LVGL/liblvgl.a(lv_tlsf.c.obj)
                                                  LVGL/liblvgl.a(lv_mem.c.obj)
lv_tlsf_walk_pool                                 LVGL/liblvgl.a(lv_tlsf.c.obj)
                                                  LVGL/liblvgl.a(lv_mem.c.obj)
lv_tlsf_free                                      LVGL/liblvgl.a(lv_tlsf.c.obj)
                                                  LVGL/liblvgl.a(lv_mem.c.obj)
lv_tlsf_realloc                                   LVGL/liblvgl.a(lv_tlsf.c.obj)
                                                  LVGL/liblvgl.a(lv_mem.c.obj)
__aeabi_memset                                    D:\Toolchain\ATfE-21.1.1\bin\..\lib\clang-runtimes/arm-none-eabi/armv7m_hard_fpv5_d16_exn_rtti_unaligned_size\lib\libc.a(aeabi_memset.c.o)
                                                  LVGL/liblvgl.a(lv_mem.c.obj)
                                                  LVGL/liblvgl.a(lv_printf.c.obj)
lv_vsnprintf                                      LVGL/liblvgl.a(lv_printf.c.obj)
                                                  LVGL/liblvgl.a(lv_txt.c.obj)
                                                  LVGL/liblvgl.a(lv_table.c.obj)
_lv_txt_is_cmd                                    LVGL/liblvgl.a(lv_txt.c.obj)
                                                  LVGL/liblvgl.a(lv_label.c.obj)
_lv_txt_ins                                       LVGL/liblvgl.a(lv_txt.c.obj)
                                                  LVGL/liblvgl.a(lv_dropdown.c.obj)
                                                  LVGL/liblvgl.a(lv_label.c.obj)
                                                  LVGL/liblvgl.a(lv_textarea.c.obj)
_lv_txt_encoded_get_byte_id                       LVGL/liblvgl.a(lv_txt.c.obj)
                                                  LVGL/liblvgl.a(lv_label.c.obj)
                                                  LVGL/liblvgl.a(lv_textarea.c.obj)
_lv_txt_cut                                       LVGL/liblvgl.a(lv_txt.c.obj)
                                                  LVGL/liblvgl.a(lv_label.c.obj)
                                                  LVGL/liblvgl.a(lv_textarea.c.obj)
_lv_txt_set_text_vfmt                             LVGL/liblvgl.a(lv_txt.c.obj)
                                                  LVGL/liblvgl.a(lv_label.c.obj)
_lv_txt_unicode_to_encoded                        LVGL/liblvgl.a(lv_txt.c.obj)
                                                  LVGL/liblvgl.a(lv_textarea.c.obj)
_lv_txt_encoded_prev                              LVGL/liblvgl.a(lv_txt.c.obj)
                                                  LVGL/liblvgl.a(lv_label.c.obj)
_lv_txt_get_encoded_length                        LVGL/liblvgl.a(lv_txt.c.obj)
                                                  LVGL/liblvgl.a(lv_label.c.obj)
                                                  LVGL/liblvgl.a(lv_textarea.c.obj)
_lv_txt_encoded_size                              LVGL/liblvgl.a(lv_txt.c.obj)
                                                  LVGL/liblvgl.a(lv_label.c.obj)
                                                  LVGL/liblvgl.a(lv_textarea.c.obj)
_lv_txt_encoded_next                              LVGL/liblvgl.a(lv_txt.c.obj)
                                                  LVGL/liblvgl.a(lv_label.c.obj)
                                                  LVGL/liblvgl.a(lv_roller.c.obj)
                                                  LVGL/liblvgl.a(lv_textarea.c.obj)
lv_arc_set_value                                  LVGL/liblvgl.a(lv_arc.c.obj)
lv_arc_set_bg_start_angle                         LVGL/liblvgl.a(lv_arc.c.obj)
lv_arc_set_bg_end_angle                           LVGL/liblvgl.a(lv_arc.c.obj)
lv_bar_set_start_value                            LVGL/liblvgl.a(lv_bar.c.obj)
                                                  LVGL/liblvgl.a(lv_slider.c.obj)
lv_bar_get_mode                                   LVGL/liblvgl.a(lv_bar.c.obj)
                                                  LVGL/liblvgl.a(lv_slider.c.obj)
lv_bar_get_value                                  LVGL/liblvgl.a(lv_bar.c.obj)
                                                  LVGL/liblvgl.a(lv_slider.c.obj)
lv_bar_get_start_value                            LVGL/liblvgl.a(lv_bar.c.obj)
                                                  LVGL/liblvgl.a(lv_slider.c.obj)
lv_dropdown_open                                  LVGL/liblvgl.a(lv_dropdown.c.obj)
lv_dropdown_close                                 LVGL/liblvgl.a(lv_dropdown.c.obj)
lv_label_set_text_static                          LVGL/liblvgl.a(lv_label.c.obj)
                                                  LVGL/liblvgl.a(lv_dropdown.c.obj)
lv_img_class                                      LVGL/liblvgl.a(lv_img.c.obj)
lv_label_get_letter_on                            LVGL/liblvgl.a(lv_label.c.obj)
                                                  LVGL/liblvgl.a(lv_roller.c.obj)
                                                  LVGL/liblvgl.a(lv_textarea.c.obj)
lv_label_set_text_sel_start                       LVGL/liblvgl.a(lv_label.c.obj)
                                                  LVGL/liblvgl.a(lv_textarea.c.obj)
lv_label_set_text_sel_end                         LVGL/liblvgl.a(lv_label.c.obj)
                                                  LVGL/liblvgl.a(lv_textarea.c.obj)
lv_label_get_letter_pos                           LVGL/liblvgl.a(lv_label.c.obj)
                                                  LVGL/liblvgl.a(lv_textarea.c.obj)
lv_label_is_char_under_pos                        LVGL/liblvgl.a(lv_label.c.obj)
                                                  LVGL/liblvgl.a(lv_textarea.c.obj)
lv_label_get_text_selection_start                 LVGL/liblvgl.a(lv_label.c.obj)
                                                  LVGL/liblvgl.a(lv_textarea.c.obj)
lv_label_get_text_selection_end                   LVGL/liblvgl.a(lv_label.c.obj)
                                                  LVGL/liblvgl.a(lv_textarea.c.obj)
lv_label_ins_text                                 LVGL/liblvgl.a(lv_label.c.obj)
                                                  LVGL/liblvgl.a(lv_textarea.c.obj)
lv_roller_label_class                             LVGL/liblvgl.a(lv_roller.c.obj)
lv_roller_set_selected                            LVGL/liblvgl.a(lv_roller.c.obj)
lv_textarea_del_char_forward                      LVGL/liblvgl.a(lv_textarea.c.obj)
lv_textarea_cursor_up                             LVGL/liblvgl.a(lv_textarea.c.obj)
lv_textarea_cursor_down                           LVGL/liblvgl.a(lv_textarea.c.obj)
__aeabi_memset8                                   D:\Toolchain\ATfE-21.1.1\bin\..\lib\clang-runtimes/arm-none-eabi/armv7m_hard_fpv5_d16_exn_rtti_unaligned_size\lib\libc.a(aeabi_memset.c.o)
bzero                                             D:\Toolchain\ATfE-21.1.1\bin\..\lib\clang-runtimes/arm-none-eabi/armv7m_hard_fpv5_d16_exn_rtti_unaligned_size\lib\libc.a(bzero.c.o)
__aeabi_memcpy4                                   D:\Toolchain\ATfE-21.1.1\bin\..\lib\clang-runtimes/arm-none-eabi/armv7m_hard_fpv5_d16_exn_rtti_unaligned_size\lib\libc.a(memcpy.c.o)
__aeabi_memcpy8                                   D:\Toolchain\ATfE-21.1.1\bin\..\lib\clang-runtimes/arm-none-eabi/armv7m_hard_fpv5_d16_exn_rtti_unaligned_size\lib\libc.a(memcpy.c.o)
__arm32_tls_tcb_offset                            D:/STM32/CMake_Project/STM32H743_template_ATfE/STM32H743XX_FLASH.ld:214
                                                  D:\Toolchain\ATfE-21.1.1\bin\..\lib\clang-runtimes/arm-none-eabi/armv7m_hard_fpv5_d16_exn_rtti_unaligned_size\lib\libc.a(libc_picolib_machine_arm_set_tls.c.o)
